{
  "status": "PASS",
  "checks_passed": 33,
  "SU3_model": {
    "character_cutoff": 5,
    "total_dimension": 21,
    "odd_dimension": 9,
    "rows": [
      {
        "epsilon": 0.05,
        "tau": 0.05074053777818539,
        "steps": 7,
        "block_time": 0.35518376444729777,
        "u": 0.05,
        "a": 0.3808302992638164,
        "b": 0.09366648646541334,
        "separation": 0.2871638127984031,
        "passes_full_input_complement_test": true,
        "high_rank_at_midpoint": 1,
        "source_rank": 1,
        "leakage_norm": 0.0018583662208662309,
        "leakage_moment_identity_error": 1.3974773080275074e-17,
        "projector_error": 0.006471019713256702,
        "projector_bound": 0.006471449876488634,
        "window_gram_min": 0.9620555698168479,
        "gram_min": 0.962095856711237,
        "eigenvalues": [
          7.740831901514762e-05,
          0.00019929716425973472,
          0.0003145732576224738,
          0.0013226137950835427,
          0.0026912629786253767,
          0.014089607644532496,
          0.02224559368632247,
          0.0936544608820308,
          0.3808423250349541
        ],
        "input_model_gap_bound_formula": 3.9489795163413235,
        "actual_input_model_energy_gap": 3.9494299107196214
      },
      {
        "epsilon": 0.025,
        "tau": 0.025183707827164933,
        "steps": 14,
        "block_time": 0.35257190958030904,
        "u": 0.05,
        "a": 0.383543441615117,
        "b": 0.09529301278123026,
        "separation": 0.28825042883388674,
        "passes_full_input_complement_test": true,
        "high_rank_at_midpoint": 1,
        "source_rank": 1,
        "leakage_norm": 0.001869066730169196,
        "leakage_moment_identity_error": 2.7550170125919746e-17,
        "projector_error": 0.0064837436050504006,
        "projector_bound": 0.006484176754672943,
        "window_gram_min": 0.9620980748762186,
        "gram_min": 0.9621385221512941,
        "eigenvalues": [
          8.259876776298739e-05,
          0.0002113858529448188,
          0.00033267921656824923,
          0.0013856211863953116,
          0.0028061294034102727,
          0.014526208107805198,
          0.02286252038596802,
          0.09528089417394736,
          0.3835555604140044
        ],
        "input_model_gap_bound_formula": 3.9495386995502724,
        "actual_input_model_energy_gap": 3.9499890376733537
      },
      {
        "epsilon": 0.0125,
        "tau": 0.012545749593589103,
        "steps": 27,
        "block_time": 0.3387352390269058,
        "u": 0.05,
        "a": 0.39824236836593624,
        "b": 0.10449758107191895,
        "separation": 0.2937447872940173,
        "passes_full_input_complement_test": true,
        "high_rank_at_midpoint": 1,
        "source_rank": 1,
        "leakage_norm": 0.0019056114000124663,
        "leakage_moment_identity_error": 4.707893824134127e-17,
        "projector_error": 0.0064868674396665205,
        "projector_bound": 0.0064873028643912135,
        "window_gram_min": 0.9621085229878712,
        "gram_min": 0.962149009688228,
        "eigenvalues": [
          0.00011932635032288873,
          0.0002943864950313811,
          0.00045517851237574566,
          0.0017930753694718263,
          0.003532507592328577,
          0.017147281222067722,
          0.026512870949112043,
          0.10448521956772287,
          0.3982547300684851
        ],
        "input_model_gap_bound_formula": 3.949683139041564,
        "actual_input_model_energy_gap": 3.950124019688982
      },
      {
        "epsilon": 0.00625,
        "tau": 0.006261415291862034,
        "steps": 54,
        "block_time": 0.33811642576054984,
        "u": 0.05,
        "a": 0.3989127474036738,
        "b": 0.104928445609872,
        "separation": 0.29398430179380175,
        "passes_full_input_complement_test": true,
        "high_rank_at_midpoint": 1,
        "source_rank": 1,
        "leakage_norm": 0.0019073927156718032,
        "leakage_moment_identity_error": 3.0694779942601336e-17,
        "projector_error": 0.006487641092445489,
        "projector_bound": 0.006488076757954353,
        "window_gram_min": 0.9621111129657155,
        "gram_min": 0.962151609433319,
        "eigenvalues": [
          0.0001212793522157364,
          0.00029872755837932524,
          0.00046153437704116385,
          0.0018136826748525014,
          0.003568780123137389,
          0.01727430902759164,
          0.02668832257313397,
          0.10491607107500835,
          0.3989251221373358
        ],
        "input_model_gap_bound_formula": 3.949716622956722,
        "actual_input_model_energy_gap": 3.9501571833577365
      }
    ]
  }
}
