PROVENANCE: {
  "imported_files": {
    "h_phys_tools.py": "4d98701314966b26082f0791711fdbb62b6e7c01885c90fdb651413304f8a752",
    "safe_scan_tracked_v2.py": "4fd92d8dcfe4dcf190923c43118592a696cf55a75c436c07b5bb07a987a3f91a",
    "H_phys_spec.md": "dcb059fac749b1bbe03e956d049a02ccb9ca1a20e1e7fe4ee060aa0abb0ae560",
    "07_safe_scan_repro_v2.md": "d8d2887ee572595633e3affcd71b9960e5ff1f1f9d4bb9ef2fedaf76421ad3e9"
  },
  "torch": "2.13.0+cpu",
  "python": "3.11.15 (main, Mar  3 2026, 09:26:23) [GCC 13.3.0]",
  "torch_num_threads": 1,
  "argv": [
    "run_h_phys.py"
  ]
}

=== cluster=plaquette_1x1 sampling=total_radius ===
dim_horizontal at identity: 8 (expected 8*(nE-nV+1) = 8)
H_phys(0): lambda_min = 0.250000000000000, max|H_phys(0) - I/4| = 1.943e-16
  r=0.00  lambda_min_phys=0.250000000  (unprojected lambda_min_tot=0.250000000)  dim_hor=[8]
  r=0.01  lambda_min_phys=0.250000078  (unprojected lambda_min_tot=0.250000007)  dim_hor=[2]
  r=0.02  lambda_min_phys=0.250000315  (unprojected lambda_min_tot=0.250000029)  dim_hor=[2]
  r=0.03  lambda_min_phys=0.250000705  (unprojected lambda_min_tot=0.250000148)  dim_hor=[2]
  r=0.04  lambda_min_phys=0.250001258  (unprojected lambda_min_tot=0.250000121)  dim_hor=[2]
  r=0.05  lambda_min_phys=0.250001958  (unprojected lambda_min_tot=0.250000343)  dim_hor=[2]
GLOBAL MIN lambda_min_phys = 0.250000000000 at r = 0.0  [130.1s]

=== cluster=plaquette_1x1 sampling=per_link_radius ===
dim_horizontal at identity: 8 (expected 8*(nE-nV+1) = 8)
H_phys(0): lambda_min = 0.250000000000000, max|H_phys(0) - I/4| = 1.943e-16
  r=0.00  lambda_min_phys=0.250000000  (unprojected lambda_min_tot=0.250000000)  dim_hor=[8]
  r=0.01  lambda_min_phys=0.250000314  (unprojected lambda_min_tot=0.250000313)  dim_hor=[2]
  r=0.02  lambda_min_phys=0.250001287  (unprojected lambda_min_tot=0.250001250)  dim_hor=[2]
  r=0.03  lambda_min_phys=0.250002829  (unprojected lambda_min_tot=0.250002813)  dim_hor=[2]
  r=0.04  lambda_min_phys=0.250005030  (unprojected lambda_min_tot=0.250005000)  dim_hor=[2]
  r=0.05  lambda_min_phys=0.250007917  (unprojected lambda_min_tot=0.250007813)  dim_hor=[2]
GLOBAL MIN lambda_min_phys = 0.250000000000 at r = 0.0  [145.7s]

=== cluster=two_plaquettes_shared_link sampling=total_radius ===
dim_horizontal at identity: 16 (expected 8*(nE-nV+1) = 16)
H_phys(0): lambda_min = 0.250000000000000, max|H_phys(0) - I/4| = 2.220e-16
  r=0.00  lambda_min_phys=0.250000000  (unprojected lambda_min_tot=0.250000000)  dim_hor=[16]
  r=0.01  lambda_min_phys=0.250000024  (unprojected lambda_min_tot=0.250000005)  dim_hor=[8]
  r=0.02  lambda_min_phys=0.250000097  (unprojected lambda_min_tot=0.250000016)  dim_hor=[8]
  r=0.03  lambda_min_phys=0.250000223  (unprojected lambda_min_tot=0.250000059)  dim_hor=[8]
  r=0.04  lambda_min_phys=0.250000365  (unprojected lambda_min_tot=0.250000079)  dim_hor=[8]
  r=0.05  lambda_min_phys=0.250000733  (unprojected lambda_min_tot=0.250000182)  dim_hor=[8]
GLOBAL MIN lambda_min_phys = 0.250000000000 at r = 0.0  [409.3s]

=== cluster=two_plaquettes_shared_link sampling=per_link_radius ===
