{
  "status": "PASS",
  "checks_passed": 26,
  "checks": [
    {
      "name": "KP_margin_exact",
      "passed": true,
      "value": "11/56",
      "slack_to_quarter": "3/56"
    },
    {
      "name": "explicit_positive_coupling_domain",
      "passed": true,
      "xi": 0.1,
      "delta": 0.0004686117756399282,
      "bridge_b": 4.928773673235542e-11,
      "activity_sum": 0.0715909090909091,
      "note": "dimensionless sufficient-condition arithmetic, not evaluated SU(3) heat constants"
    },
    {
      "name": "cubical_atom_count_exact_geometry",
      "passed": true,
      "rows": [
        {
          "L": 3,
          "plaquettes": 81,
          "link_incidence": [
            4
          ],
          "plaquette_degrees": [
            12
          ]
        },
        {
          "L": 5,
          "plaquettes": 375,
          "link_incidence": [
            4
          ],
          "plaquette_degrees": [
            12
          ]
        }
      ]
    },
    {
      "name": "binomial_bad_block_bound",
      "passed": true,
      "max_ratio": 0.9912382737598663
    },
    {
      "name": "convolution_binomial_identity_finite_group",
      "passed": true,
      "max_error": 3.885780586188048e-16
    },
    {
      "name": "fixed_time_block_mixing",
      "passed": true,
      "rows": [
        {
          "tau": 0.1,
          "fixed_count_density_error": 1.3406400920712787,
          "physical_block_density_error": 0.000670925255801702,
          "m": 80
        },
        {
          "tau": 0.01,
          "fixed_count_density_error": 1.9215788783046461,
          "physical_block_density_error": 0.000670925255801258,
          "m": 800
        },
        {
          "tau": 0.001,
          "fixed_count_density_error": 1.9920159786879825,
          "physical_block_density_error": 0.0006709252555512357,
          "m": 8000
        }
      ]
    },
    {
      "name": "fixed_fine_count_negative_control",
      "passed": true
    },
    {
      "name": "all_order_bridge_activity_bound_toy",
      "passed": true,
      "rows": [
        {
          "fine_steps": 1,
          "activity_bound_max_ratio": 1.0000000000051599,
          "reconstruction_error": 4.440892098500626e-16
        },
        {
          "fine_steps": 2,
          "activity_bound_max_ratio": 0.9143597442194638,
          "reconstruction_error": 6.661338147750939e-16
        },
        {
          "fine_steps": 5,
          "activity_bound_max_ratio": 0.8892047830242501,
          "reconstruction_error": 6.661338147750939e-16
        },
        {
          "fine_steps": 10,
          "activity_bound_max_ratio": 0.8855656567126683,
          "reconstruction_error": 4.440892098500626e-16
        }
      ]
    },
    {
      "name": "bridge_subset_reconstruction_toy",
      "passed": true
    },
    {
      "name": "disconnected_bridge_factorization_toy",
      "passed": true,
      "max_error": 3.560563302529296e-14
    },
    {
      "name": "blocking_preserves_all_finite_spectrum_toy",
      "passed": true,
      "max_energy_error": 1.2434497875801753e-14
    },
    {
      "name": "wrong_block_clock_negative_control",
      "passed": true
    },
    {
      "name": "coarse_spacetime_atomic_identity",
      "passed": true,
      "admissible_configurations": 125,
      "atomic_sum": 1.0078900141759373,
      "direct_trace": 1.0078900141759388
    },
    {
      "name": "coarse_spacetime_scalar_polymer_identity",
      "passed": true,
      "polymer_sum": 1.0078900141759373,
      "direct_trace": 1.0078900141759388
    },
    {
      "name": "atom_to_polymer_majorant_enumerated",
      "passed": true,
      "exact_finite_positive_sums": [
        0.009967188989190207,
        0.015400779954632888,
        0.009968388285156792,
        0.013592481203740849
      ],
      "majorant": 0.11336676276957278
    },
    {
      "name": "matrix_spectral_window_Chebyshev",
      "passed": true,
      "rows": [
        {
          "u": 0.02,
          "variance_norm": 6.436119070757384e-07,
          "inside_gram_min": 0.999961073947205,
          "inequality_margin": 0.0015762830681273479
        },
        {
          "u": 0.01,
          "variance_norm": 1.6251227047750209e-07,
          "inside_gram_min": 0.9999902823786311,
          "inequality_margin": 0.00039363425547377594
        },
        {
          "u": 0.005,
          "variance_norm": 4.083162162354176e-08,
          "inside_gram_min": 0.9999975723347099,
          "inequality_margin": 9.83565032377565e-05
        }
      ]
    },
    {
      "name": "matrix_window_variance_quadratic",
      "passed": true,
      "observed_order": 1.9927898825461217
    },
    {
      "name": "positive_window_Gram_is_not_totality_negative_control",
      "passed": true,
      "window_dimension": 4,
      "source_rank": 3
    },
    {
      "name": "rank_one_projection_cannot_have_full_Gram_negative_control",
      "passed": true
    },
    {
      "name": "SU3_Weyl_refinement",
      "passed": true,
      "energy_unit_error": 6.550315845288424e-14,
      "grids": [
        192,
        384
      ],
      "irreps": 21
    },
    {
      "name": "SU3_literal_odd_source_normalization",
      "passed": true
    },
    {
      "name": "SU3_finite_plaquette_window_inequality",
      "passed": true
    },
    {
      "name": "SU3_finite_plaquette_positive_window_weight",
      "passed": true,
      "min_weight": 0.9848431852889481,
      "min_moment_bound": 0.922229056721718,
      "note": "finite 21-character model, not evaluation of the conservative infinite-lattice coupling domain"
    },
    {
      "name": "SU3_source_moments_temporal_matching",
      "passed": true,
      "orders": {
        "0.005": 2.0105021169918036,
        "0.01": 2.0105016893991605,
        "0.02": 2.0105008284863937
      }
    },
    {
      "name": "correlation_convergence_not_pole_isolation_negative_control",
      "passed": true,
      "rows": [
        {
          "eta": 0.2,
          "weighted_correlation_error": 4.9319736013459916e-05,
          "continuous_mass": 0.04000000000000001,
          "spectral_support_has_no_gap_at_Eseed": true
        },
        {
          "eta": 0.1,
          "weighted_correlation_error": 1.232993400337059e-05,
          "continuous_mass": 0.010000000000000002,
          "spectral_support_has_no_gap_at_Eseed": true
        },
        {
          "eta": 0.05,
          "weighted_correlation_error": 3.082483500837016e-06,
          "continuous_mass": 0.0025000000000000005,
          "spectral_support_has_no_gap_at_Eseed": true
        }
      ]
    },
    {
      "name": "continuum_contaminant_still_has_vacuum_gap",
      "passed": true,
      "lower_spectral_edge": 2.4666666666666663
    }
  ]
}
