== linked-cluster gate: X = ((0, 1), (5, 5, 5)), link-disjoint from P and Q
    X = ((0, 1), (5, 5, 5)): cumulant C-odd 0  C-even 0  (461s)
   gate passed: every element exactly 0
== 18 plaquettes share a link with P or Q
    X = ((0, 1), (0, -1, 0)): cumulant C-odd 135671797/105250609440  C-even 2218032743/421002437760  (448s)
    X = ((0, 2), (0, 0, -1)): cumulant C-odd 135671797/105250609440  C-even 2218032743/421002437760  (466s)
    X = ((0, 1), (1, 0, 0)): cumulant C-odd -385/1997568  C-even -121/249696  (818s)
    X = ((1, 2), (1, 0, 0)): cumulant C-odd -2580244782961/398756546697600  C-even -56022878647/4153714028100  (474s)
    X = ((1, 2), (1, 0, -1)): cumulant C-odd -385/1997568  C-even -121/249696  (597s)
    X = ((0, 1), (0, 1, 0)): cumulant C-odd -385/1997568  C-even -121/249696  (470s)
    X = ((0, 2), (0, 1, 0)): cumulant C-odd -385/1997568  C-even -121/249696  (458s)
    X = ((0, 2), (0, 1, -1)): cumulant C-odd -385/1997568  C-even -121/249696  (455s)
    X = ((0, 1), (-1, 0, 0)): cumulant C-odd -385/1997568  C-even -121/249696  (484s)
    X = ((1, 2), (0, 0, 0)): cumulant C-odd -2580244782961/398756546697600  C-even -56022878647/4153714028100  (501s)
    X = ((1, 2), (0, 0, -1)): cumulant C-odd -385/1997568  C-even -121/249696  (444s)
    X = ((0, 2), (-1, 0, 0)): cumulant C-odd -385/1997568  C-even -121/249696  (456s)
    X = ((1, 2), (0, -1, 0)): cumulant C-odd -385/1997568  C-even -121/249696  (463s)
    X = ((0, 1), (0, 0, 1)): cumulant C-odd -385/1997568  C-even -121/249696  (454s)
    X = ((0, 1), (0, -1, 1)): cumulant C-odd -385/1997568  C-even -121/249696  (456s)
    X = ((0, 2), (0, 0, 1)): cumulant C-odd -385/1997568  C-even -121/249696  (460s)
    X = ((0, 2), (1, 0, 0)): cumulant C-odd -385/1997568  C-even -121/249696  (460s)
    X = ((1, 2), (1, -1, 0)): cumulant C-odd -385/1997568  C-even -121/249696  (462s)
   dressing sum: C-odd -318871288157543/24412761914486400  C-even -2551128392196857/109857428615188800
== the pair cluster itself, full assembly
    pair two-insertion moments 1.0s
    pair C1[0][2] = -11599/83232  D[0][2] = -114818239/208288080  (103s, |z|=9476)
    pair C1[1][2] = -11599/83232  D[1][2] = -9041229497/16871334480  (64s, |z|=9476)
    pair C1[0][3] = -11599/83232  D[0][3] = -9041229497/16871334480  (63s, |z|=9464)
    pair C1[1][3] = -11599/83232  D[1][3] = -114818239/208288080  (106s, |z|=9464)
    pair C1[2][0] = -11599/83232  D[2][0] = -114818239/208288080  (127s, |z|=9464)
    pair C1[3][0] = -11599/83232  D[3][0] = -9041229497/16871334480  (78s, |z|=9464)
    pair C1[2][1] = -11599/83232  D[2][1] = -9041229497/16871334480  (80s, |z|=9476)
    pair C1[3][1] = -11599/83232  D[3][1] = -114818239/208288080  (120s, |z|=9476)
    pair H4 done 1187.4s
   pair cluster: C-odd -17612026391/1147250744640  C-even -85912071611/22945014892800
== lattice fourth-order nearest-neighbour element, C-odd: -206012251013118541/7250590288602460800 = -2.841316952e-02
   record (0,1)->(0,2) at (0,0,0), the rotation orbit rho: 238714892212171339/29002361154409843200 = 8.230877857e-03;  ratio -3.452021767
total 10475s
