== 20 plaquettes share a link with P or Q
    X = ((0, 1), (0, -1, 0)): cumulant C-odd 0  C-even 0  (59s)
    X = ((0, 2), (0, 0, 0)): cumulant C-odd -360421351/40327601932800  C-even 948253471/40327601932800  (59s)
    X = ((0, 2), (0, 0, -1)): cumulant C-odd 0  C-even 0  (50s)
    X = ((0, 1), (1, 0, 0)): cumulant C-odd 0  C-even 0  (49s)
    X = ((1, 2), (1, 0, 0)): cumulant C-odd -360421351/40327601932800  C-even 948253471/40327601932800  (56s)
    X = ((1, 2), (1, 0, -1)): cumulant C-odd 0  C-even 0  (49s)
    X = ((0, 1), (0, 1, 0)): cumulant C-odd 0  C-even 0  (47s)
    X = ((0, 2), (0, 1, 0)): cumulant C-odd -360421351/40327601932800  C-even 948253471/40327601932800  (56s)
    X = ((0, 2), (0, 1, -1)): cumulant C-odd 0  C-even 0  (57s)
    X = ((0, 1), (-1, 0, 0)): cumulant C-odd 0  C-even 0  (58s)
    X = ((1, 2), (0, 0, 0)): cumulant C-odd -360421351/40327601932800  C-even 948253471/40327601932800  (64s)
    X = ((1, 2), (0, 0, -1)): cumulant C-odd 0  C-even 0  (51s)
    X = ((0, 1), (0, -1, 1)): cumulant C-odd 0  C-even 0  (49s)
    X = ((0, 2), (0, 0, 1)): cumulant C-odd 0  C-even 0  (50s)
    X = ((0, 1), (1, 0, 1)): cumulant C-odd 0  C-even 0  (50s)
    X = ((1, 2), (1, 0, 1)): cumulant C-odd 0  C-even 0  (50s)
    X = ((0, 1), (0, 1, 1)): cumulant C-odd 0  C-even 0  (51s)
    X = ((0, 2), (0, 1, 1)): cumulant C-odd 0  C-even 0  (50s)
    X = ((0, 1), (-1, 0, 1)): cumulant C-odd 0  C-even 0  (51s)
    X = ((1, 2), (0, 0, 1)): cumulant C-odd 0  C-even 0  (51s)
   dressing sum: C-odd -360421351/10081900483200  C-even 948253471/10081900483200
total 1057s
