== linked-cluster gate: X = ((0, 1), (5, 5, 5)), link-disjoint from P and Q
    X = ((0, 1), (5, 5, 5)): cumulant C-odd 0  C-even 0  (454s)
   gate passed: every element exactly 0
== 20 plaquettes share a link with P or Q
    X = ((0, 1), (0, -1, 0)): cumulant C-odd -385/1997568  C-even -121/249696  (429s)
    X = ((0, 2), (0, 0, 0)): cumulant C-odd -385/1997568  C-even -121/249696  (450s)
    X = ((0, 2), (0, 0, -1)): cumulant C-odd -385/1997568  C-even -121/249696  (825s)
    X = ((1, 2), (1, 0, 0)): cumulant C-odd 135671797/105250609440  C-even 2218032743/421002437760  (465s)
    X = ((1, 2), (1, 0, -1)): cumulant C-odd 135671797/105250609440  C-even 2218032743/421002437760  (604s)
    X = ((0, 1), (0, 1, 0)): cumulant C-odd -385/1997568  C-even -121/249696  (461s)
    X = ((0, 2), (0, 1, 0)): cumulant C-odd -385/1997568  C-even -121/249696  (460s)
    X = ((0, 2), (0, 1, -1)): cumulant C-odd -385/1997568  C-even -121/249696  (454s)
    X = ((0, 1), (-1, 0, 0)): cumulant C-odd -385/1997568  C-even -121/249696  (453s)
    X = ((1, 2), (0, 0, 0)): cumulant C-odd -385/1997568  C-even -121/249696  (450s)
    X = ((1, 2), (0, 0, -1)): cumulant C-odd -385/1997568  C-even -121/249696  (443s)
    X = ((0, 1), (1, -1, 0)): cumulant C-odd -385/1997568  C-even -121/249696  (453s)
    X = ((0, 2), (1, 0, 0)): cumulant C-odd -385/1997568  C-even -121/249696  (466s)
    X = ((0, 2), (1, 0, -1)): cumulant C-odd -385/1997568  C-even -121/249696  (462s)
    X = ((0, 1), (2, 0, 0)): cumulant C-odd -385/1997568  C-even -121/249696  (451s)
    X = ((1, 2), (2, 0, 0)): cumulant C-odd -385/1997568  C-even -121/249696  (455s)
    X = ((1, 2), (2, 0, -1)): cumulant C-odd -385/1997568  C-even -121/249696  (471s)
    X = ((0, 1), (1, 1, 0)): cumulant C-odd -385/1997568  C-even -121/249696  (467s)
    X = ((0, 2), (1, 1, 0)): cumulant C-odd -385/1997568  C-even -121/249696  (456s)
    X = ((0, 2), (1, 1, -1)): cumulant C-odd -385/1997568  C-even -121/249696  (464s)
   dressing sum: C-odd -375175099/421002437760  C-even 381913403/210501218880
== the pair cluster itself, full assembly
    pair two-insertion moments 1.0s
    pair C1[0][2] = -11599/83232  D[0][2] = -114818239/208288080  (108s, |z|=9559)
    pair C1[1][2] = -11599/83232  D[1][2] = -9041229497/16871334480  (63s, |z|=9559)
    pair C1[0][3] = -11599/83232  D[0][3] = -9041229497/16871334480  (60s, |z|=9565)
    pair C1[1][3] = -11599/83232  D[1][3] = -114818239/208288080  (103s, |z|=9565)
    pair C1[2][0] = -11599/83232  D[2][0] = -114818239/208288080  (123s, |z|=9539)
    pair C1[3][0] = -11599/83232  D[3][0] = -9041229497/16871334480  (78s, |z|=9539)
    pair C1[2][1] = -11599/83232  D[2][1] = -9041229497/16871334480  (77s, |z|=9558)
    pair C1[3][1] = -11599/83232  D[3][1] = -114818239/208288080  (120s, |z|=9558)
    pair H4 done 1183.6s
   pair cluster: C-odd -17612026391/1147250744640  C-even -85912071611/22945014892800
== lattice fourth-order nearest-neighbour element, C-odd: -20535103905179/1264270320593280 = -1.624265283e-02
   record (0,1)->(0,1) at (1,0,0), the in-plane orbit pi: -20535103905179/1264270320593280 = -1.624265283e-02;  ratio 1.000000000
total 11277s
