Build completed successfully (3032 jobs).
Build completed successfully (3033 jobs).
Build completed successfully (3106 jobs).
Build completed successfully (3032 jobs).
Build completed successfully (3032 jobs).
Build completed successfully (3033 jobs).
Build completed successfully (3032 jobs).
Build completed successfully (3032 jobs).
Build completed successfully (3032 jobs).
Build completed successfully (3113 jobs).
Build completed successfully (3593 jobs).
Build completed successfully (3294 jobs).
Build completed successfully (3230 jobs).
Build completed successfully (3032 jobs).
Build completed successfully (2397 jobs).
Build completed successfully (3032 jobs).
Build completed successfully (3482 jobs).
Build completed successfully (3483 jobs).
✔ [3032/3032] Built Workhouse.HodgeFeshbach (11s)
Build completed successfully (3032 jobs).
✔ [3032/3032] Built Workhouse.PolymerCluster (10s)
Build completed successfully (3032 jobs).
✔ [3627/3628] Built Workhouse (10s)
Build completed successfully (3628 jobs).
Exported 389 theorems, 821 declarations: C:\WORKHOUSE\worktrees\formalization-scope-20260910\ledger\lean_dependencies.json
