Build completed successfully (3032 jobs).
Build completed successfully (3033 jobs).
Build completed successfully (3106 jobs).
Build completed successfully (3032 jobs).
Build completed successfully (3032 jobs).
Build completed successfully (3033 jobs).
Build completed successfully (3032 jobs).
Build completed successfully (3032 jobs).
Build completed successfully (3032 jobs).
Build completed successfully (3113 jobs).
Build completed successfully (3593 jobs).
Build completed successfully (3294 jobs).
Build completed successfully (3230 jobs).
Build completed successfully (3032 jobs).
Build completed successfully (2397 jobs).
Build completed successfully (3032 jobs).
Build completed successfully (3482 jobs).
Build completed successfully (3483 jobs).
✔ [3032/3032] Built Workhouse.HodgeFeshbach (11s)
Build completed successfully (3032 jobs).
✔ [3032/3032] Built Workhouse.PolymerCluster (10s)
Build completed successfully (3032 jobs).
Build completed successfully (3115 jobs).
✔ [3628/3629] Built Workhouse (10s)
Build completed successfully (3629 jobs).
Exported 400 theorems, 841 declarations: C:\WORKHOUSE\worktrees\theory-current-bridges-20260910\ledger\lean_dependencies.json
