[    0.6s] hop_odd: degrees (3, 6)  -2*N*(N - 2)*(N + 2)/((N - 1)*(N + 1)*(2*N - 3)*(2*N + 3)*(2*N**2 - 1))
[    0.6s] hop_even: degrees (3, 6)  -2*N*(3*N**2 - 5)/((N - 1)*(N + 1)*(2*N - 3)*(2*N + 3)*(2*N**2 - 1))
[    0.6s] hop_perp_odd: degrees (3, 6)  2*N*(N - 2)*(N + 2)/((N - 1)*(N + 1)*(2*N - 3)*(2*N + 3)*(2*N**2 - 1))
   cumulant u: 10.4s
[   11.0s] u_odd: degrees (21, 28)  N**3*(N - 2)**2*(N + 2)**2*(16896*N**14 - 131616*N**12 + 451352*N**10 - 882908*N**8 + 1058410*N**6 - 771029*N**4 + 313093*N**2 - 54216)/(2*(N - 1)**3*(N + 1)**3*(2*N - 3)**3*(2*N + 3)**3*(3*N - 4)*(3*N + 4)*(2*N**2 - 3)*(2*N**2 - 1)**3*(3*N**2 - 2)*(4*N**2 - N - 4)*(4*N**2 + N - 4))
[   11.1s] u_even: degrees (21, 28)  N**3*(29184*N**18 - 433184*N**16 + 2995992*N**14 - 11840636*N**12 + 28765162*N**10 - 44383661*N**8 + 43647845*N**6 - 26524096*N**4 + 9087856*N**2 - 1344384)/(2*(N - 1)**3*(N + 1)**3*(2*N - 3)**3*(2*N + 3)**3*(3*N - 4)*(3*N + 4)*(2*N**2 - 3)*(2*N**2 - 1)**3*(3*N**2 - 2)*(4*N**2 - N - 4)*(4*N**2 + N - 4))
   cumulant single_perp: 13.2s
[   24.2s] single_perp_odd: degrees (7, 14)  2*N**3*(N - 2)*(N + 2)*(10*N**2 - 13)/((N - 1)**3*(N + 1)**3*(2*N - 3)**2*(2*N + 3)**2*(2*N**2 - 1)**2)
[   24.2s] single_perp_even: degrees (7, 14)  -4*N**3*(3*N**2 - 5)**2/((N - 1)**3*(N + 1)**3*(2*N - 3)**2*(2*N + 3)**2*(2*N**2 - 1)**2)
   cumulant fan_perp: 14.7s
[   39.0s] fan_perp_odd: degrees (17, 24)  -8*N**3*(N - 2)*(N + 2)*(363008*N**12 - 3144224*N**10 + 10850888*N**8 - 19034572*N**6 + 17764505*N**4 - 8272521*N**2 + 1496394)/(3*(N - 1)**3*(N + 1)**3*(2*N - 3)**3*(2*N + 3)**3*(4*N - 7)*(4*N - 3)*(4*N + 3)*(4*N + 7)*(2*N**2 - 1)**3*(4*N**2 - 7))
[   39.0s] fan_perp_even: degrees (17, 24)  4*N**3*(2436096*N**14 - 28356544*N**12 + 136919408*N**10 - 353461224*N**8 + 522359998*N**6 - 437018150*N**4 + 189317052*N**2 - 32620563)/(3*(N - 1)**3*(N + 1)**3*(2*N - 3)**3*(2*N + 3)**3*(4*N - 7)*(4*N - 3)*(4*N + 3)*(4*N + 7)*(2*N**2 - 1)**3*(4*N**2 - 7))
   cumulant corner: 13.1s
[   52.1s] corner_odd: degrees (23, 30)  16*N**3*(N - 2)*(N + 2)*(2379648*N**18 - 28088736*N**16 + 143075272*N**14 - 411323454*N**12 + 732994774*N**10 - 837251963*N**8 + 611821212*N**6 - 275614672*N**4 + 69464470*N**2 - 7465875)/((N - 1)**3*(N + 1)**3*(2*N - 3)**3*(2*N - 1)*(2*N + 1)*(2*N + 3)**3*(3*N - 5)*(3*N + 5)*(2*N**2 - 1)**3*(3*N**2 - 1)*(4*N**2 - 5)*(4*N**2 - 2*N - 5)*(4*N**2 + 2*N - 5))
[   52.1s] corner_even: degrees (23, 30)  -4*N**3*(14175744*N**20 - 197840512*N**18 + 1227530272*N**16 - 4433035640*N**14 + 10254591256*N**12 - 15779823732*N**10 + 16270850000*N**8 - 11055425976*N**6 + 4725387671*N**4 - 1145987952*N**2 + 119693925)/((N - 1)**3*(N + 1)**3*(2*N - 3)**3*(2*N - 1)*(2*N + 1)*(2*N + 3)**3*(3*N - 5)*(3*N + 5)*(2*N**2 - 1)**3*(3*N**2 - 1)*(4*N**2 - 5)*(4*N**2 - 2*N - 5)*(4*N**2 + 2*N - 5))
   cumulant single_cop: 8.9s
[   61.0s] single_cop_odd: degrees (7, 14)  -2*N**3*(N - 2)*(N + 2)*(10*N**2 - 13)/((N - 1)**3*(N + 1)**3*(2*N - 3)**2*(2*N + 3)**2*(2*N**2 - 1)**2)
[   61.0s] single_cop_even: degrees (7, 14)  -4*N**3*(3*N**2 - 5)**2/((N - 1)**3*(N + 1)**3*(2*N - 3)**2*(2*N + 3)**2*(2*N**2 - 1)**2)
   cumulant fan_cop: 13.8s
[   74.8s] fan_cop_odd: degrees (17, 24)  8*N**3*(N - 2)*(N + 2)*(363008*N**12 - 3144224*N**10 + 10850888*N**8 - 19034572*N**6 + 17764505*N**4 - 8272521*N**2 + 1496394)/(3*(N - 1)**3*(N + 1)**3*(2*N - 3)**3*(2*N + 3)**3*(4*N - 7)*(4*N - 3)*(4*N + 3)*(4*N + 7)*(2*N**2 - 1)**3*(4*N**2 - 7))
[   74.8s] fan_cop_even: degrees (17, 24)  4*N**3*(2436096*N**14 - 28356544*N**12 + 136919408*N**10 - 353461224*N**8 + 522359998*N**6 - 437018150*N**4 + 189317052*N**2 - 32620563)/(3*(N - 1)**3*(N + 1)**3*(2*N - 3)**3*(2*N + 3)**3*(4*N - 7)*(4*N - 3)*(4*N + 3)*(4*N + 7)*(2*N**2 - 1)**3*(4*N**2 - 7))
   cube completions: 50.7s
[  125.5s] cube_adjacent_odd: degrees (0, 7)  -106/(N*(N - 1)**3*(N + 1)**3)
[  125.5s] cube_adjacent_even: degrees (0, 7)  -106/(N*(N - 1)**3*(N + 1)**3)
[  125.5s] cube_opposite_odd: degrees (0, 7)  -160/(N*(N - 1)**3*(N + 1)**3)
[  125.5s] cube_opposite_even: degrees (0, 7)  -160/(N*(N - 1)**3*(N + 1)**3)
[  125.6s] pi: degrees (17, 24)  -4*N**3*(N - 2)*(N + 2)*(759808*N**12 - 8269696*N**10 + 32982688*N**8 - 61899536*N**6 + 57189712*N**4 - 24342480*N**2 + 3766257)/(3*(N - 1)**3*(N + 1)**3*(2*N - 3)**3*(2*N + 3)**3*(4*N - 7)*(4*N - 3)*(4*N + 3)*(4*N + 7)*(2*N**2 - 1)**3*(4*N**2 - 7))
[  125.6s] rho: degrees (30, 37)  -2*(455523434496*N**30 - 9522552963072*N**28 + 90204312002560*N**26 - 512433789902848*N**24 + 1947558470396928*N**22 - 5232437580382976*N**20 + 10241418075677152*N**18 - 14838574696975936*N**16 + 16017556350782304*N**14 - 12865250733483912*N**12 + 7619436998480086*N**10 - 3265133771207012*N**8 + 978674182075008*N**6 - 193114054127835*N**4 + 22284266460750*N**2 - 1118178928125)/(3*N*(N - 1)**3*(N + 1)**3*(2*N - 3)**3*(2*N - 1)*(2*N + 1)*(2*N + 3)**3*(3*N - 5)*(3*N + 5)*(4*N - 7)*(4*N - 3)*(4*N + 3)*(4*N + 7)*(2*N**2 - 1)**3*(3*N**2 - 1)*(4*N**2 - 7)*(4*N**2 - 5)*(4*N**2 - 2*N - 5)*(4*N**2 + 2*N - 5))
[  125.7s] rho_plus_pi: degrees (24, 31)  -2*(151701504*N**24 - 2360452608*N**22 + 16193038208*N**20 - 64446693664*N**18 + 164984022688*N**16 - 285119047232*N**14 + 340137943632*N**12 - 281847352084*N**10 + 160957259412*N**8 - 61759721678*N**6 + 15073251735*N**4 - 2083178250*N**2 + 120740625)/(N*(N - 1)**3*(N + 1)**3*(2*N - 3)**3*(2*N - 1)*(2*N + 1)*(2*N + 3)**3*(3*N - 5)*(3*N + 5)*(2*N**2 - 1)**3*(3*N**2 - 1)*(4*N**2 - 5)*(4*N**2 - 2*N - 5)*(4*N**2 + 2*N - 5))
[  125.7s] C_shp: degrees (34, 41)  -(227200204800*N**34 - 4925243326464*N**32 + 48915867543552*N**30 - 295398484819968*N**28 + 1213733637193728*N**26 - 3596907923820864*N**24 + 7951369744672632*N**22 - 13374624072248732*N**20 + 17304847467385706*N**18 - 17294578889868203*N**16 + 13329808912819101*N**14 - 7866150776679889*N**12 + 3505774991256731*N**10 - 1154347589737756*N**8 + 271352410642094*N**6 - 43073866173780*N**4 + 4165552656000*N**2 - 188956800000)/(2*N*(N - 1)**3*(N + 1)**3*(2*N - 3)**3*(2*N - 1)*(2*N + 1)*(2*N + 3)**3*(3*N - 5)*(3*N - 4)*(3*N + 4)*(3*N + 5)*(2*N**2 - 3)*(2*N**2 - 1)**3*(3*N**2 - 2)*(3*N**2 - 1)*(4*N**2 - 5)*(4*N**2 - 2*N - 5)*(4*N**2 - N - 4)*(4*N**2 + N - 4)*(4*N**2 + 2*N - 5))
[  125.7s] beta_assembled: degrees (34, 41)  8*(262023413760*N**34 - 5650820038656*N**32 + 56121500325888*N**30 - 340446933860352*N**28 + 1411086518976512*N**26 - 4236027301441216*N**24 + 9527362627459208*N**22 - 16383586476855908*N**20 + 21790792632692374*N**18 - 22528824656358997*N**16 + 18093954392873059*N**14 - 11217768814450351*N**12 + 5298615709051589*N**10 - 1864547215921444*N**8 + 471099315089266*N**6 - 80248432557420*N**4 + 8176825584000*N**2 - 370915200000)/(N*(N - 1)**3*(N + 1)**3*(2*N - 3)**3*(2*N - 1)*(2*N + 1)*(2*N + 3)**3*(3*N - 5)*(3*N - 4)*(3*N + 4)*(3*N + 5)*(2*N**2 - 3)*(2*N**2 - 1)**3*(3*N**2 - 2)*(3*N**2 - 1)*(4*N**2 - 5)*(4*N**2 - 2*N - 5)*(4*N**2 - N - 4)*(4*N**2 + N - 4)*(4*N**2 + 2*N - 5))
identities: {
 "single_cop_plus_single_perp": "0",
 "fan_cop_plus_fan_perp": "0",
 "beta_minus_three_cumulant_form": "0",
 "beta_minus_corpus": "0",
 "alpha_N": "640/(N*(N - 1)**3*(N + 1)**3)",
 "beta_at_3": "15644916262153/34416487661400",
 "beta_at_4": "3601925923737103752887/70481696720359496343750"
}
specialisation: {
 "hop_odd": {
  "record": "rank_sweep_cumulants_2026-09-04",
  "key": "hop_odd",
  "ranks_checked": "3..70 (68 ranks)",
  "ranks_disagreeing": []
 },
 "hop_even": {
  "record": "rank_sweep_cumulants_2026-09-04",
  "key": "hop_even",
  "ranks_checked": "3..70 (68 ranks)",
  "ranks_disagreeing": []
 },
 "hop_perp_odd": {
  "record": "rank_sweep_cumulants_2026-09-04",
  "key": "hop_perp_odd",
  "ranks_checked": "3..70 (68 ranks)",
  "ranks_disagreeing": []
 },
 "u_odd": {
  "record": "rank_sweep_cumulants_2026-09-04",
  "key": "u_odd",
  "ranks_checked": "3..70 (68 ranks)",
  "ranks_disagreeing": []
 },
 "u_even": {
  "record": "rank_sweep_cumulants_2026-09-04",
  "key": "u_even",
  "ranks_checked": "3..70 (68 ranks)",
  "ranks_disagreeing": []
 },
 "single_perp_odd": {
  "record": "rank_sweep_cumulants_2026-09-04",
  "key": "single_odd",
  "ranks_checked": "3..70 (68 ranks)",
  "ranks_disagreeing": []
 },
 "single_perp_even": {
  "record": "rank_sweep_cumulants_2026-09-04",
  "key": "single_even",
  "ranks_checked": "3..70 (68 ranks)",
  "ranks_disagreeing": []
 },
 "fan_perp_odd": {
  "record": "rank_sweep_cumulants_2026-09-04",
  "key": "fan_odd",
  "ranks_checked": "3..70 (68 ranks)",
  "ranks_disagreeing": []
 },
 "fan_perp_even": {
  "record": "rank_sweep_cumulants_2026-09-04",
  "key": "fan_even",
  "ranks_checked": "3..70 (68 ranks)",
  "ranks_disagreeing": []
 },
 "corner_odd": {
  "record": "rank_sweep_cumulants_2026-09-04",
  "key": "corner_odd",
  "ranks_checked": "3..70 (68 ranks)",
  "ranks_disagreeing": []
 },
 "corner_even": {
  "record": "rank_sweep_cumulants_2026-09-04",
  "key": "corner_even",
  "ranks_checked": "3..70 (68 ranks)",
  "ranks_disagreeing": []
 },
 "single_cop_odd": {
  "record": "beta_n_from_assembly_2026-09-04",
  "key": "single_coplanar",
  "ranks_checked": "4..70 (67 ranks)",
  "ranks_disagreeing": []
 },
 "fan_cop_odd": {
  "record": "beta_n_from_assembly_2026-09-04",
  "key": "fan_coplanar",
  "ranks_checked": "4..70 (67 ranks)",
  "ranks_disagreeing": []
 },
 "rho_plus_pi": {
  "record": "beta_n_from_assembly_2026-09-04",
  "key": "rho_plus_pi",
  "ranks_checked": "4..70 (67 ranks)",
  "ranks_disagreeing": []
 },
 "C_shp": {
  "record": "beta_n_from_assembly_2026-09-04",
  "key": "C_shp",
  "ranks_checked": "4..70 (67 ranks)",
  "ranks_disagreeing": []
 },
 "beta_assembled": {
  "record": "beta_n_from_assembly_2026-09-04",
  "key": "beta_assembled",
  "ranks_checked": "4..70 (67 ranks)",
  "ranks_disagreeing": []
 }
}
audit: {
 "components_verified": 21556,
 "max_weingarten_n": 3,
 "max_charge": 6,
 "link_irreps_met": [
  "111|",
  "11|1",
  "21|",
  "2|1",
  "3|",
  "F",
  "adj",
  "lam",
  "sym"
 ],
 "distinct_intermediate_energies": 103,
 "integer_roots_at_least_4": {
  "4": [
   "state (-4, 111| 111| 111| 111|)"
  ]
 }
}
wrote closed_forms.json and certificate.json in 126.1 s
