C:\WORKHOUSE\WORKHOUSE-autonomous-20260905\outputs\creator_parent_20260905\ACTIVITY_EXTRACTION_CONTROLS\exact_extraction_draft.py:97: SyntaxWarning: invalid escape sequence '\B'
  G_X=sum_{B contains min(X)} C_B tensor G_{X\B}; isolate B=X.
{
  "models": [
    {
      "name": "ordered_chain",
      "ambient": [
        0,
        1,
        2,
        3
      ],
      "ordered_edges": [
        [
          0,
          1
        ],
        [
          1,
          2
        ],
        [
          2,
          3
        ]
      ],
      "subsystems": 16,
      "reconstruction_count": 16,
      "vacuum_anchoring_count": 15,
      "disconnected_cancellations": [
        [
          0,
          2
        ],
        [
          0,
          3
        ],
        [
          1,
          3
        ],
        [
          0,
          1,
          3
        ],
        [
          0,
          2,
          3
        ]
      ],
      "closed_formula_equals_root_block_recursion": true,
      "overlap_commutator_frobenius_squared": "390963/51200000000",
      "full_activity_nonzero": true
    },
    {
      "name": "disjoint_edges",
      "ambient": [
        0,
        1,
        2,
        3
      ],
      "ordered_edges": [
        [
          0,
          1
        ],
        [
          2,
          3
        ]
      ],
      "subsystems": 16,
      "reconstruction_count": 16,
      "vacuum_anchoring_count": 15,
      "disconnected_cancellations": [
        [
          0,
          2
        ],
        [
          0,
          3
        ],
        [
          1,
          2
        ],
        [
          1,
          3
        ],
        [
          0,
          1,
          2
        ],
        [
          0,
          1,
          3
        ],
        [
          0,
          2,
          3
        ],
        [
          1,
          2,
          3
        ],
        [
          0,
          1,
          2,
          3
        ]
      ],
      "closed_formula_equals_root_block_recursion": true,
      "overlap_commutator_frobenius_squared": null,
      "full_activity_nonzero": false
    }
  ],
  "negative": {
    "family": "G_X=(I+sum_i q_i)^(-1)",
    "positive_and_vacuum_fixing": true,
    "component_factorization_fails": true,
    "disconnected_activity_11_entry": "1/12",
    "scope": "Two disconnected binary sites: vacuum fixing alone does not imply connected support."
  }
}
