{
  "status": "PASS",
  "checks_passed": 23,
  "orders": {
    "t_error": 2.0108279562096203,
    "flat_error": 2.024894568222743,
    "source_gram_coefficient_error": 2.005255742650192
  },
  "shell_rows": [
    {
      "clock": 0.10300822672278381,
      "t": 0.008176999650932215,
      "ell": -0.03606943890624392,
      "flat_scalar": 0.0354484569099196,
      "source_gram_u_coefficient": -0.7547099444771658,
      "weights": {
        "singlet": -0.08346428839955118,
        "adjoint": -0.3160139031176198,
        "antisymmetric": -0.1672557331422156,
        "symmetric": -0.22404545872402315
      },
      "adjoint_energy": 1.4994122589898509,
      "sextet_energy": 1.6658831241670795,
      "epsilon": 0.1,
      "t_error": 7.065010409338865e-06,
      "flat_error": -0.0004992555083810496,
      "source_gram_coefficient_error": -0.004709944477165773,
      "t_error_over_epsilon2": 0.0007065010409338864,
      "flat_error_over_epsilon2": -0.04992555083810495,
      "source_error_over_epsilon2": -0.47099444771657717
    },
    {
      "clock": 0.0507405377781854,
      "t": 0.008171590308775512,
      "ell": -0.03597659323301039,
      "flat_scalar": 0.0358348945208713,
      "source_gram_u_coefficient": -0.751143918625453,
      "weights": {
        "singlet": -0.0833651161209032,
        "adjoint": -0.3142809349627163,
        "antisymmetric": -0.16680967557651427,
        "symmetric": -0.22266478519832972
      },
      "adjoint_energy": 1.4998617514571801,
      "sextet_energy": 1.6664823412842966,
      "epsilon": 0.05,
      "t_error": 1.6556682526352312e-06,
      "flat_error": -0.00011281789742935422,
      "source_gram_coefficient_error": -0.0011439186254530442,
      "t_error_over_epsilon2": 0.0006622673010540924,
      "flat_error_over_epsilon2": -0.04512715897174168,
      "source_error_over_epsilon2": -0.4575674501812176
    },
    {
      "clock": 0.025183707827164933,
      "t": 0.008170335914068572,
      "ell": -0.03595473338974464,
      "flat_scalar": 0.03592116886811447,
      "source_gram_u_coefficient": -0.7502818539879442,
      "weights": {
        "singlet": -0.08334116305212594,
        "adjoint": -0.3138622985937528,
        "antisymmetric": -0.16670189957366383,
        "symmetric": -0.22233122615814632
      },
      "adjoint_energy": 1.499966462436846,
      "sextet_energy": 1.6666219502636186,
      "epsilon": 0.025,
      "t_error": 4.012735456953437e-07,
      "flat_error": -2.6543550186178266e-05,
      "source_gram_coefficient_error": -0.000281853987944225,
      "t_error_over_epsilon2": 0.0006420376731125498,
      "flat_error_over_epsilon2": -0.04246968029788522,
      "source_error_over_epsilon2": -0.4509663807107599
    },
    {
      "clock": 0.012545749593589105,
      "t": 0.008170033447786718,
      "ell": -0.035949442524654485,
      "flat_scalar": 0.03594129245340949,
      "source_gram_u_coefficient": -0.7500699523985916,
      "weights": {
        "singlet": -0.08333527648270177,
        "adjoint": -0.3137594377028146,
        "antisymmetric": -0.16667541078785147,
        "symmetric": -0.22224926994987818
      },
      "adjoint_energy": 1.4999917399945069,
      "sextet_energy": 1.6666556533469363,
      "epsilon": 0.0125,
      "t_error": 9.880726384130234e-08,
      "flat_error": -6.41996489116059e-06,
      "source_gram_coefficient_error": -6.995239859164393e-05,
      "t_error_over_epsilon2": 0.0006323664885843349,
      "flat_error_over_epsilon2": -0.04108777530342777,
      "source_error_over_epsilon2": -0.447695350986521
    },
    {
      "clock": 0.006261415291862035,
      "t": 0.00816995915763663,
      "ell": -0.035948141791267596,
      "flat_scalar": 0.03594613488458487,
      "source_gram_u_coefficient": -0.7500174245063506,
      "weights": {
        "singlet": -0.08333381734908536,
        "adjoint": -0.31373394537854205,
        "antisymmetric": -0.16666884473438817,
        "symmetric": -0.2222289588356026
      },
      "adjoint_energy": 1.499997950321053,
      "sextet_energy": 1.6666639337626903,
      "epsilon": 0.00625,
      "t_error": 2.4517113754105035e-08,
      "flat_error": -1.5775337157825087e-06,
      "source_gram_coefficient_error": -1.7424506350560698e-05,
      "t_error_over_epsilon2": 0.0006276381121050888,
      "flat_error_over_epsilon2": -0.040384863124032215,
      "source_error_over_epsilon2": -0.44606736257435375
    }
  ],
  "window_rows": [
    {
      "epsilon": 0.1,
      "smallest_nonfundamental_energy_in_scan": 1.4994122589898509,
      "kinematic_target_cluster_min": 2.6641639666427333,
      "kinematic_target_cluster_max": 2.6666666666666665,
      "contour_clearance_in_scanned_multisets": 0.08083063330940006,
      "multiset_count_below_3_1": 13
    },
    {
      "epsilon": 0.05,
      "smallest_nonfundamental_energy_in_scan": 1.4998617514571801,
      "kinematic_target_cluster_min": 2.666077078033902,
      "kinematic_target_cluster_max": 2.6666666666666665,
      "contour_clearance_in_scanned_multisets": 0.08274374470056885,
      "multiset_count_below_3_1": 13
    },
    {
      "epsilon": 0.025,
      "smallest_nonfundamental_energy_in_scan": 1.499966462436846,
      "kinematic_target_cluster_min": 2.666523588925215,
      "kinematic_target_cluster_max": 2.6666666666666665,
      "contour_clearance_in_scanned_multisets": 0.08319025559188183,
      "multiset_count_below_3_1": 13
    },
    {
      "epsilon": 0.0125,
      "smallest_nonfundamental_energy_in_scan": 1.4999917399945069,
      "kinematic_target_cluster_min": 2.6666314249346126,
      "kinematic_target_cluster_max": 2.6666666666666665,
      "contour_clearance_in_scanned_multisets": 0.08329809160127939,
      "multiset_count_below_3_1": 13
    },
    {
      "epsilon": 0.00625,
      "smallest_nonfundamental_energy_in_scan": 1.499997950321053,
      "kinematic_target_cluster_min": 2.6666579214287007,
      "kinematic_target_cluster_max": 2.6666666666666665,
      "contour_clearance_in_scanned_multisets": 0.08332458809536754,
      "multiset_count_below_3_1": 13
    }
  ]
}
