{
  "status": "PASS",
  "checks_passed": 33,
  "SU3_model": {
    "character_cutoff": 5,
    "total_dimension": 21,
    "odd_dimension": 9,
    "rows": [
      {
        "epsilon": 0.05,
        "tau": 0.050740537778185386,
        "steps": 7,
        "block_time": 0.3551837644472977,
        "u": 0.05,
        "a": 0.3808302992638164,
        "b": 0.09366648646541431,
        "separation": 0.2871638127984021,
        "passes_full_input_complement_test": true,
        "high_rank_at_midpoint": 1,
        "source_rank": 1,
        "leakage_norm": 0.0018583662208662049,
        "leakage_moment_identity_error": 1.40687937374203e-17,
        "projector_error": 0.006471019713256848,
        "projector_bound": 0.0064714498764885655,
        "window_gram_min": 0.9620555698168488,
        "gram_min": 0.9620958567112377,
        "eigenvalues": [
          7.740831901514757e-05,
          0.00019929716425973553,
          0.0003145732576224745,
          0.0013226137950835338,
          0.002691262978625364,
          0.014089607644532414,
          0.022245593686322535,
          0.09365446088203182,
          0.3808423250349542
        ],
        "input_model_gap_bound_formula": 3.948979516341294,
        "actual_input_model_energy_gap": 3.949429910719598
      },
      {
        "epsilon": 0.025,
        "tau": 0.025183707827164933,
        "steps": 14,
        "block_time": 0.35257190958030904,
        "u": 0.05,
        "a": 0.3835434416151169,
        "b": 0.09529301278123015,
        "separation": 0.28825042883388674,
        "passes_full_input_complement_test": true,
        "high_rank_at_midpoint": 1,
        "source_rank": 1,
        "leakage_norm": 0.0018690667301691955,
        "leakage_moment_identity_error": 3.014590259278055e-17,
        "projector_error": 0.006483743605050729,
        "projector_bound": 0.006484176754672942,
        "window_gram_min": 0.9620980748762197,
        "gram_min": 0.9621385221512946,
        "eigenvalues": [
          8.259876776298712e-05,
          0.0002113858529448152,
          0.0003326792165682503,
          0.0013856211863953094,
          0.002806129403410273,
          0.014526208107805128,
          0.02286252038596786,
          0.09528089417394728,
          0.3835555604140043
        ],
        "input_model_gap_bound_formula": 3.949538699550274,
        "actual_input_model_energy_gap": 3.9499890376733537
      },
      {
        "epsilon": 0.0125,
        "tau": 0.012545749593589107,
        "steps": 27,
        "block_time": 0.3387352390269059,
        "u": 0.05,
        "a": 0.398242368365936,
        "b": 0.10449758107191903,
        "separation": 0.293744787294017,
        "passes_full_input_complement_test": true,
        "high_rank_at_midpoint": 1,
        "source_rank": 1,
        "leakage_norm": 0.0019056114000124684,
        "leakage_moment_identity_error": 1.8242548585015866e-17,
        "projector_error": 0.006486867439666354,
        "projector_bound": 0.006487302864391228,
        "window_gram_min": 0.9621085229878721,
        "gram_min": 0.9621490096882287,
        "eigenvalues": [
          0.00011932635032289109,
          0.00029438649503138356,
          0.00045517851237574967,
          0.001793075369471846,
          0.003532507592328589,
          0.017147281222068038,
          0.026512870949112168,
          0.10448521956772294,
          0.3982547300684851
        ],
        "input_model_gap_bound_formula": 3.9496831390415585,
        "actual_input_model_energy_gap": 3.950124019688981
      },
      {
        "epsilon": 0.00625,
        "tau": 0.006261415291862034,
        "steps": 54,
        "block_time": 0.33811642576054984,
        "u": 0.05,
        "a": 0.39891274740367383,
        "b": 0.104928445609872,
        "separation": 0.29398430179380186,
        "passes_full_input_complement_test": true,
        "high_rank_at_midpoint": 1,
        "source_rank": 1,
        "leakage_norm": 0.0019073927156718024,
        "leakage_moment_identity_error": 3.069859159086398e-17,
        "projector_error": 0.0064876410924456715,
        "projector_bound": 0.0064880767579543475,
        "window_gram_min": 0.9621111129657142,
        "gram_min": 0.9621516094333183,
        "eigenvalues": [
          0.00012127935221573892,
          0.0002987275583793291,
          0.00046153437704116044,
          0.0018136826748525352,
          0.0035687801231373845,
          0.017274309027591306,
          0.026688322573133944,
          0.1049160710750084,
          0.3989251221373359
        ],
        "input_model_gap_bound_formula": 3.9497166229567227,
        "actual_input_model_energy_gap": 3.9501571833577365
      }
    ]
  }
}
