✔ [3032/3032] Built Workhouse.Basic (15s)
Build completed successfully (3032 jobs).
✔ [3033/3033] Built Workhouse.AnisotropyVariance (12s)
Build completed successfully (3033 jobs).
✔ [3106/3106] Built Workhouse.WilsonSquareForce (12s)
Build completed successfully (3106 jobs).
✔ [3032/3032] Built Workhouse.WilsonGridAlgebra (12s)
Build completed successfully (3032 jobs).
✔ [3032/3032] Built Workhouse.VacuumChart (11s)
Build completed successfully (3032 jobs).
✔ [3033/3033] Built Workhouse.VacuumCompression (11s)
Build completed successfully (3033 jobs).
✔ [3032/3032] Built Workhouse.RootedScalarBounds (11s)
Build completed successfully (3032 jobs).
✔ [3032/3032] Built Workhouse.CreatorParent (15s)
Build completed successfully (3032 jobs).
✔ [3032/3032] Built Workhouse.GlobalWilsonVertical (16s)
Build completed successfully (3032 jobs).
✔ [3113/3113] Built Workhouse.ResolventLocalization (13s)
Build completed successfully (3113 jobs).
✔ [3593/3593] Built Workhouse.GroundStateAssembly (15s)
Build completed successfully (3593 jobs).
✔ [3294/3294] Built Workhouse.ThermodynamicLimit (12s)
Build completed successfully (3294 jobs).
✔ [3230/3230] Built Workhouse.SpectralReconstruction (12s)
Build completed successfully (3230 jobs).
✔ [3032/3032] Built Workhouse.PlateauObstruction (12s)
Build completed successfully (3032 jobs).
Build completed successfully (2397 jobs).
Build completed successfully (3032 jobs).
Build completed successfully (3482 jobs).
Build completed successfully (3483 jobs).
✔ [3625/3626] Built Workhouse (11s)
Build completed successfully (3626 jobs).
Exported 353 theorems, 689 declarations: C:\WORKHOUSE\worktrees\lean-supported-track-a-20260909\ledger\lean_dependencies.json
