status: PHASE3_TRIALITY_CANDIDATE_SWEEP_READY_NOT_YET_EVALUATED
arithmetic: Fraction/SymPy Rational only
schedule: P->W1->R1(Q1)->W2->R2(Q2)
w_domains: ('P', 'Q1')
w_forbidden_domain: Q2
haar_allowlist: ((1, 1), (2, 2), (3, 3), (3, 0), (0, 3), (4, 1), (1, 4), (6, 0), (0, 6))
pure_six_backend: EXACT_10_INVARIANT_DSU_ADAPTER
phase2_components: PHASE2_COMPONENTS_EXACT_NOT_M4
phase3_components: PHASE3_FULL_ASSEMBLER_READY_NOT_YET_EVALUATED
cluster_geometry: SEALED_STAGE0_TRIALITY_CANDIDATE_DOWNWARD_CLOSURE
fourth_order_max_marked_faces: 7
direct_fourth_order_max_marked_faces: 6
support_bound_authority: v24c: initial+intermediate+final P faces+four W faces = 7
candidate_filter_scope: NECESSARY_NOT_SUFFICIENT_NO_STAGE1_NO_AMPLITUDES
candidate_formula_naive_upper_bound: 9
candidate_exhaustive_observed_maximum: 6
candidate_xy_concrete_supports: 203
candidate_full_t1_cluster_evaluations: 609
candidate_manifest_sha256: 40b8bcc72b0b6d310f1b556892190090d6be76cdd82fb6520e385c0ecf9bfcb0
lower_support_extension_lemma: PAD_K_LT_4_ON_OUTPUT_FACE_USING_REPETITIONS_THEN_TAKE_CONCRETE_CLOSURE
vacuum_support_extension_lemma: OUTPUT_EQUALS_ROOT_ENDPOINT_PHASE_PLUS_REPEATED_FACE_PADDING
face_insertion: EXACT_STATE_MULTIPLY_PLUS_EXACT_H0_RESOLVENT
global_blocks: ('A', 'K2', 'N', 'J', 'C1', 'D', 'Sigma3')
endpoint_resolution: FULL_ORDERED_FACE_X_FACE_WITH_T1_POLARIZATION
folded_convolution: TRANSLATION_EXPANDED_INTERMEDIATE_FACE_AND_POLARIZATION
legacy_scalar_phase2_can_seal: False
checkpointing: TRANSACTIONAL_PER_CLUSTER_SQLITE_BOUND_TO_SCRIPT_GEOMETRY_AUTHORITY
geometry_preflight: SEALED_609_CLUSTER_CANDIDATE_CLOSURE_ZERO_PHYSICS
cross_cluster_cache_policy: CLEARED_AFTER_EACH_CONCRETE_CLUSTER
physical_embedding_coverage: BUILT_FROM_SEALED_CANDIDATE_MANIFEST_AT_LAUNCH
construction_seal: False
hamer_terminal_diagnostic: False
