{
  "status": "PASS",
  "checks_passed": 11,
  "checks": [
    {
      "name": "all_rank_Gaussian_and_Jacobian_assembly",
      "passed": true,
      "lambda_second_coefficient": "c*(2*c*n - n**2 + 2)/(16*n)"
    },
    {
      "name": "SU3_clock_coefficient_exact",
      "passed": true
    },
    {
      "name": "SU2_clock_coefficient_exact",
      "passed": true
    },
    {
      "name": "Weyl_quadrature_grid_doubling",
      "passed": true,
      "max_energy_difference": 2.8310687127941492e-14,
      "grids": [
        512,
        1024
      ],
      "irreps": 21
    },
    {
      "name": "conjugate_character_multipliers",
      "passed": true
    },
    {
      "name": "independent_SU2_Bessel_limit",
      "passed": true,
      "rows": [
        {
          "j": 0.5,
          "effective_clock_coefficient": 0.12501560161093384
        },
        {
          "j": 1,
          "effective_clock_coefficient": 0.12496344001655668
        },
        {
          "j": 1.5,
          "effective_clock_coefficient": 0.12489041396812617
        }
      ]
    },
    {
      "name": "SU3_universal_first_temporal_correction",
      "passed": true,
      "expected_clock_coefficient": "7/24",
      "max_energy_slope_deviation": 0.002550986356477436
    },
    {
      "name": "held_out_irreps_improve_one_order",
      "passed": true,
      "slopes": {
        "(1, 1)": {
          "raw_order": 1.003333818636694,
          "matched_order": 2.0215632201241944
        },
        "(2, 0)": {
          "raw_order": 1.002882928051303,
          "matched_order": 2.0215547394842748
        },
        "(3, 0)": {
          "raw_order": 0.9992619962468177,
          "matched_order": 2.0214167940787617
        },
        "(2, 2)": {
          "raw_order": 0.9965299774875875,
          "matched_order": 2.0212997371672565
        }
      }
    },
    {
      "name": "finite_plaquette_convergence_u_0.05",
      "passed": true,
      "orders": {
        "raw": 1.0055905228758517,
        "matched": 2.0089643166129703,
        "heat": 2.000208792136255
      }
    },
    {
      "name": "finite_plaquette_convergence_u_0.2",
      "passed": true,
      "orders": {
        "raw": 1.005733441236893,
        "matched": 2.00898307742876,
        "heat": 2.0001703005147755
      }
    },
    {
      "name": "wrong_time_factor_negative_control",
      "passed": true
    }
  ],
  "plaquette_orders": [
    {
      "raw": 1.0055905228758517,
      "matched": 2.0089643166129703,
      "heat": 2.000208792136255
    },
    {
      "raw": 1.005733441236893,
      "matched": 2.00898307742876,
      "heat": 2.0001703005147755
    }
  ]
}
