0.00s spanning tree=[0, 1, 2, 4, 5]
0.00s started actual SU3 two perpendicular plaquettes; odd model norm squared 2; shifted V=-sum traces-I
0.00s W P sizes [10, 10]
0.00s per-link resolver input canonical words 8
0.00s per-link resolver input canonical words 8
0.01s D W P sizes [12, 12]
0.01s per-link resolver input canonical words 12
0.01s per-link resolver input canonical words 12
0.01s Haar matrix sizes [8, 8] x [12, 12]
0.01s Haar matrix sizes [12, 12] x [12, 12]
0.01s Haar matrix sizes [12, 12] x [12, 12]
0.02s A2=Matrix([[-317/306, 5/612], [5/612, -317/306]])
0.02s W D W P sizes [60, 60]
0.02s per-link resolver input canonical words 52
0.10s per-link resolver input canonical words 52
0.17s D W D W P sizes [77, 77]
0.17s Haar matrix sizes [12, 12] x [52, 52]
0.21s Haar matrix sizes [12, 12] x [52, 52]
0.21s Haar matrix sizes [52, 52] x [70, 70]
0.51s Haar matrix sizes [52, 52] x [70, 70]
0.55s per-link resolver input canonical words 70
0.61s per-link resolver input canonical words 70
0.67s Haar matrix sizes [52, 52] x [70, 70]
0.71s lower moments complete A4=Matrix([[-222485716183/458900297856, 40097889791/1147250744640], [40097889791/1147250744640, -222485716183/458900297856]])
0.72s W D W D W P sizes [365, 367]
0.72s per-link resolver input canonical words 214
3.13s per-link resolver input canonical words 214
5.58s D W D W D W P sizes [359, 359]
6.44s {'endpoint': [0, 0], 'combined_integrands': 2023, 'local_families': {'(0, 3)': 599, '(0, 6)': 95, '(1, 1)': 677, '(1, 4)': 404, '(1, 7)': 11, '(2, 2)': 793, '(2, 5)': 11, '(3, 0)': 599, '(3, 3)': 194, '(4, 1)': 404, '(4, 4)': 21, '(5, 2)': 11, '(6, 0)': 95, '(7, 1)': 11}, 'fold_constant': '37759803105790074779/66173165966668400640', 'full_haar_evaluation': 'not performed'}
7.27s {'endpoint': [0, 1], 'combined_integrands': 1998, 'local_families': {'(0, 3)': 615, '(0, 6)': 96, '(1, 1)': 677, '(1, 4)': 417, '(2, 2)': 797, '(3, 0)': 615, '(3, 3)': 198, '(4, 1)': 417, '(6, 0)': 96}, 'fold_constant': '-135432816081729956989/1228930225095270297600', 'full_haar_evaluation': 'not performed'}
8.15s {'endpoint': [1, 0], 'combined_integrands': 1998, 'local_families': {'(0, 3)': 615, '(0, 6)': 96, '(1, 1)': 677, '(1, 4)': 417, '(2, 2)': 797, '(3, 0)': 615, '(3, 3)': 198, '(4, 1)': 417, '(6, 0)': 96}, 'fold_constant': '-135432816081729956989/1228930225095270297600', 'full_haar_evaluation': 'not performed'}
9.03s {'endpoint': [1, 1], 'combined_integrands': 2023, 'local_families': {'(0, 3)': 599, '(0, 6)': 95, '(1, 1)': 677, '(1, 4)': 404, '(1, 7)': 11, '(2, 2)': 793, '(2, 5)': 11, '(3, 0)': 599, '(3, 3)': 194, '(4, 1)': 404, '(4, 4)': 21, '(5, 2)': 11, '(6, 0)': 95, '(7, 1)': 11}, 'fold_constant': '37759803105790074779/66173165966668400640', 'full_haar_evaluation': 'not performed'}
