PASS: four SU(3) channel weights :: {'1': Fraction(-1, 12), '8': Fraction(-16, 51), 'bar3': Fraction(-1, 6), '6': Fraction(-2, 9)}
PASS: A_3 :: -27/68
PASS: B_3 :: -7/18
PASS: t_3 :: 5/612
PASS: all-rank closed law at N=3 :: 5/612
PASS: p+q<=1 projected hopping has opposite sign :: -1/12
PASS: omitted 6 and 8 channels exactly complete T1 :: 14/153
PASS: one-cube spectrum :: {0: 1, 4: 3, 6: 2}
PASS: one-cube t_3 spectrum :: {Fraction(0, 1): 1, Fraction(5, 153): 3, Fraction(5, 102): 2}
PASS: one-cube T1 spectrum has reversed sign :: {Fraction(0, 1): 1, Fraction(-1, 3): 3, Fraction(-1, 2): 2}
PASS: full and T1 cube orderings are opposite
PASS: open-cube T1 leakage :: 1/2
PASS: open-cube full leakage :: -11/306
PASS: open-cube complete scalar counterterm :: (Fraction(37, 12), Fraction(11, 34), Fraction(-563, 204))
PASS: open-cube absolute O(u^2) coefficient spectra :: ({Fraction(37, 12): 1, Fraction(11, 4): 3, Fraction(31, 12): 2}, {Fraction(11, 34): 1, Fraction(109, 306): 3, Fraction(19, 51): 2})
PASS: periodic L=3 spectrum :: {0: 29, 3: 12, 6: 24, 9: 16}
PASS: periodic L=3 multiplicities exhaust face space
PASS: periodic L=3 t_3 spectrum :: {Fraction(0, 1): 29, Fraction(5, 204): 12, Fraction(5, 102): 24, Fraction(5, 68): 16}
PASS: 18/18 exact bridge gates
WROTE: /home/user/WORKHOUSE/runs/cbb_finite_n_bridge_2026-08-28/su3_finite_n_bridge_certificate.json
