Independent verification of the pinned two-cube release.
The builder needs pyclebsch and 9.6 MB of NPZ artifacts that did not
travel; what is checked here is the sealed bytes and the arithmetic.

manifest record two_cube_b6_codd_o2_connected_kernel_certificate.json
  says bb6a51ef64de61f91ff7c7f023a4ab04149308bbef69dc7b0b295d0805c31440
  is   bb6a51ef64de61f91ff7c7f023a4ab04149308bbef69dc7b0b295d0805c31440   OK
manifest record TWO_CUBE_B6_CODD_O2_CONNECTED_KERNEL_2026-08-29.md
  says 0a523c1dc57323e3ac348b1a9264f56a0594680ae5b4ba561ac51086518c5367
  is   0a523c1dc57323e3ac348b1a9264f56a0594680ae5b4ba561ac51086518c5367   OK
manifest record TWO_CUBE_B4_CODD_O2_CONNECTED_KERNEL_2026-08-29.md
  says dff8fb5db1d6cd46d65dbcd8e90cfe2406abe8f5b8bb7bff4dbee84ad5368646
  is   dff8fb5db1d6cd46d65dbcd8e90cfe2406abe8f5b8bb7bff4dbee84ad5368646   OK

detached manifest root 021558ce5bea60e43f757d76c1b8122f15f355c1e5174304f440cce5d98d422b
theorem doc states     021558ce5bea60e43f757d76c1b8122f15f355c1e5174304f440cce5d98d422b

six-channel sum 5/612 == registry hopping(3) 5/612
  3+3bar = -1/6 = w_3bar; 6+6bar = -2/9 = w_6
  1 = 1/12 = -w_1;  8 = 16/51 = -w_8
  like-orientation -7/18 = B_3;  mixed 27/68 = -A_3
  so the census is B_3 - A_3, the registry's own rank law, channel by channel

B6: K_conn - (5/612)G_conn diagonal? True
    spectrum {'-129/34': 4, '-34/9': 4, '-15/4': 2, '0': 1}
B4: spectrum {'-15/4': 2, '-11/6': 4, '-5/3': 4, '0': 1}

legacy 1,3,3bar = -1/12;  restored 6,6bar,8 = 14/153
  restored equals the bridge's w_6 - w_8 completion 14/153: True
