[PASS] SU(3) rank :: 3
[PASS] fundamental Casimir :: 4/3
[PASS] pentagonal cap energy :: 10/3
[PASS] face perimeters :: [5, 5, 4, 4, 4, 4, 4]
[PASS] oriented seven-face cell relation :: [0, 0, 0, 0, 0, 0, 0, 0, 0, 0, 0, 0, 0, 0, 0]
[PASS] simple cap Wilson loop norm :: 1
[PASS] opposite cap orientations are orthogonal :: 0
[PASS] balanced control rejects determinant Haar integral :: 0
[PASS] fundamental character norm :: 1
[PASS] 1+adjoint character norm regression :: 2
[PASS] one-link Fierz Casimir regression :: {'((-1,), (1,))': '3/2', '()': '-3/2'}
[PASS] balanced control removes (4,1) invariant rank :: 0
[PASS] balanced control removes (3,0) determinant rank :: 0
[PASS] 48 fixed-side endpoint histories :: 48
[PASS] 20 cap/vacuum-P-irreducible histories :: 20
[PASS] 28 proper-return histories :: 28
[PASS] two direct temporal multisets with multiplicity ten :: {'((0, -1), (1, -1), (2, -1), (2, 1))': 10, '((0, -1), (1, 1), (2, -1), (2, 1))': 10}
[PASS] no fixed-side cap transfer below fourth order :: {1: 0, 2: 0, 3: 0}
[PASS] D5 rotation covariance of the fixed-side trace :: {'0': True, '1': True, '2': True, '3': True, '4': True}
[PASS] all 28 proper-return Q-chain contributions vanish :: 0
[PASS] proper-return subtotal is zero :: 0
[PASS] direct microscopic coefficient is nonzero :: -2861009/84387303000
[PASS] all resolvent blocks are exactly Gram-Hermitian :: 21
[PASS] all required fixed-side fold entries vanish :: {'e2_offdiag': '0', 'N_offdiag': '0', 'J_offdiag': '0', 'return_extra': '0'}

================================================================================================
COLD MICROSCOPIC RESULT
================================================================================================
Gates: 24/24
h4_side = -2861009/84387303000
tau4     = -2861009/16877460600
ledger   = blind_result.json
report   = blind_report.txt
