{
  "algorithm": "SEALED-STAGE0-TRIALITY-CANDIDATE-CLOSURE-v1",
  "candidate_coverage_certificate_sha256": "4e7f5acfd5610a2bd434e88f94c6ba2ba12a258e618a1249f49472f76c5dbd73",
  "candidate_manifest_sha256": "40b8bcc72b0b6d310f1b556892190090d6be76cdd82fb6520e385c0ecf9bfcb0",
  "candidate_observed_max_faces": 6,
  "elapsed_seconds": "2.015",
  "endpoint_folded_label_firewall": 7,
  "necessary_not_sufficient": true,
  "patch_face_count": 93,
  "physics_contractions_run": 0,
  "preflight_sha256": "576a4a3f00a41f1805fd015836107fb27ebc44190bd57629c13c17cc28e9f16f",
  "python_tracemalloc_peak_bytes": 4682413,
  "roots": {
    "0": {
      "cluster_count": 203,
      "root_axes": [
        1,
        2
      ],
      "root_face": 45,
      "support_sha256": "ae4421ca4e8d8a6a6c0ba53b7e31f6c17bb7f24ea6f8411f29a0e28aec3ff77e"
    },
    "1": {
      "cluster_count": 203,
      "root_axes": [
        0,
        2
      ],
      "root_face": 44,
      "support_sha256": "a251fa9e9cdf37ef038d7411c8aff21ee5b1b8ef490abacd46b5e10c346d187d"
    },
    "2": {
      "cluster_count": 203,
      "root_axes": [
        0,
        1
      ],
      "root_face": 43,
      "support_sha256": "567af8431fe984ec265384ef1c32fdade92f93e32f5b4e7d8315f195c81bd3a8"
    }
  },
  "schema": "HODGE-SU3-PHASE3-TRIALITY-CANDIDATE-PREFLIGHT-v3",
  "source_authority_sha256": {
    "exact_haar_branches": "4EC79A84F0C22475A9CA868233C16A269FE90F537932904B00D709A836D2830C",
    "full_t1_endpoint_support_bound": "935A3A5BA680D1373A5842486B10231D83232D8CB3393BBC250351BC51A68C8B",
    "mixed_41_exact_algebra": "2F12EF86AB494F675F144C56D5D7E4174AF003E2FE0084DCD4E39F9F364EDA48",
    "rooted_incidence_recursion": "00678B0602ACC6DFD6A594ADC34FF5698154F0A8A1CF878CF690D1BE82EA0D27",
    "stage0_triality_candidate_geometry": "914F5A36F6E66B74275E9CC7CC25A16201B263F008FD4F76EE4746BFCC10A655",
    "state_fierz_h0_gram_resolvent": "FFE7952C6BA159B3552E7BA001977ED46A8FFBA251C115D4988F7FF4B367ACE1"
  },
  "total_exact_cluster_evaluations": 609
}
TRIALITY_CANDIDATE_PREFLIGHT_PASS_609_NO_PHYSICS
