[   10.8s] N=3 coplanar: 74 channels, u = 360421351/40327601932800 (10.8s)
[   21.1s] N=3 bent: 74 channels, u = -360421351/40327601932800 (10.4s)
[   31.5s] N=3 L: 74 channels, u = 360421351/40327601932800 (10.4s)
[   76.4s] N=4 coplanar: 74 channels, u = 114453868283/92567176124500000 (44.9s)
[  121.1s] N=4 bent: 74 channels, u = -114453868283/92567176124500000 (44.7s)
[  166.0s] N=4 L: 74 channels, u = 114453868283/92567176124500000 (44.9s)
[  177.7s] N=5 coplanar: 74 channels, u = 2455229574625/9584658329883180544 (11.7s)
[  189.5s] N=5 bent: 74 channels, u = -2455229574625/9584658329883180544 (11.8s)
[  201.2s] N=5 L: 74 channels, u = 2455229574625/9584658329883180544 (11.8s)
[  213.3s] N=6 coplanar: 74 channels, u = 15123889903476224/213987083395308938859375 (12.1s)
[  225.5s] N=6 bent: 74 channels, u = -15123889903476224/213987083395308938859375 (12.1s)
[  237.7s] N=6 L: 74 channels, u = 15123889903476224/213987083395308938859375 (12.2s)
[  249.7s] N=7 coplanar: 74 channels, u = 59077013657463711/2479398752624285496012800 (12.0s)
[  261.9s] N=7 bent: 74 channels, u = -59077013657463711/2479398752624285496012800 (12.2s)
[  274.1s] N=7 L: 74 channels, u = 59077013657463711/2479398752624285496012800 (12.2s)
[  286.2s] N=8 coplanar: 74 channels, u = 15770858191808/1695334052863304455875 (12.2s)
[  298.5s] N=8 bent: 74 channels, u = -15770858191808/1695334052863304455875 (12.2s)
[  310.7s] N=8 L: 74 channels, u = 15770858191808/1695334052863304455875 (12.3s)
[  323.0s] N=9 coplanar: 74 channels, u = 6278872121162091/1545861051257731264000000 (12.2s)
[  335.2s] N=9 bent: 74 channels, u = -6278872121162091/1545861051257731264000000 (12.2s)
[  347.5s] N=9 L: 74 channels, u = 6278872121162091/1545861051257731264000000 (12.3s)
[  359.7s] N=10 coplanar: 74 channels, u = 163389310319578048000/84364407377019855509162159421 (12.1s)
[  371.8s] N=10 bent: 74 channels, u = -163389310319578048000/84364407377019855509162159421 (12.2s)
[  384.1s] N=10 L: 74 channels, u = 163389310319578048000/84364407377019855509162159421 (12.3s)
[  396.3s] N=11 coplanar: 74 channels, u = 5621641820747366950107/5669749721289281494307000000000 (12.2s)
[  408.6s] N=11 bent: 74 channels, u = -5621641820747366950107/5669749721289281494307000000000 (12.3s)
[  420.9s] N=11 L: 74 channels, u = 5621641820747366950107/5669749721289281494307000000000 (12.3s)
[  433.0s] N=12 coplanar: 74 channels, u = 232960940326193/432801482448318143496336 (12.1s)
[  445.2s] N=12 bent: 74 channels, u = -232960940326193/432801482448318143496336 (12.1s)
[  457.4s] N=12 L: 74 channels, u = 232960940326193/432801482448318143496336 (12.2s)
[  469.6s] N=13 coplanar: 74 channels, u = 112574912801723008990925/366775180260442344277662579403264 (12.2s)
[  481.9s] N=13 bent: 74 channels, u = -112574912801723008990925/366775180260442344277662579403264 (12.3s)
[  494.2s] N=13 L: 74 channels, u = 112574912801723008990925/366775180260442344277662579403264 (12.3s)
[  506.6s] N=14 coplanar: 74 channels, u = 459187232479949687891968/2516144351416350015433739494140625 (12.4s)
[  518.9s] N=14 bent: 74 channels, u = -459187232479949687891968/2516144351416350015433739494140625 (12.3s)
[  531.2s] N=14 L: 74 channels, u = 459187232479949687891968/2516144351416350015433739494140625 (12.3s)
[  543.5s] N=15 coplanar: 74 channels, u = 161590789588127228965172875/1436503624165187464746956763313963008 (12.3s)
[  555.7s] N=15 bent: 74 channels, u = -161590789588127228965172875/1436503624165187464746956763313963008 (12.2s)
[  568.1s] N=15 L: 74 channels, u = 161590789588127228965172875/1436503624165187464746956763313963008 (12.4s)
[  580.3s] N=16 coplanar: 74 channels, u = 661045919019310130688/9239606666936724321819935734375 (12.2s)
[  592.6s] N=16 bent: 74 channels, u = -661045919019310130688/9239606666936724321819935734375 (12.2s)
[  604.9s] N=16 L: 74 channels, u = 661045919019310130688/9239606666936724321819935734375 (12.3s)
[  617.2s] N=17 coplanar: 74 channels, u = 54570168340642892071051339/1166688714298917658907723580931276800 (12.3s)
[  629.4s] N=17 bent: 74 channels, u = -54570168340642892071051339/1166688714298917658907723580931276800 (12.3s)
[  641.8s] N=17 L: 74 channels, u = 54570168340642892071051339/1166688714298917658907723580931276800 (12.4s)
[  654.1s] N=18 coplanar: 74 channels, u = 16232214274361533605888/518052881295736208189215561288175 (12.3s)
[  667.2s] N=18 bent: 74 channels, u = -16232214274361533605888/518052881295736208189215561288175 (13.1s)
[  680.3s] N=18 L: 74 channels, u = 16232214274361533605888/518052881295736208189215561288175 (13.1s)
[  693.3s] N=19 coplanar: 74 channels, u = 3299122326567977699020569/153800933013164529605759176952000000 (13.0s)
[  706.3s] N=19 bent: 74 channels, u = -3299122326567977699020569/153800933013164529605759176952000000 (13.0s)
[  719.5s] N=19 L: 74 channels, u = 3299122326567977699020569/153800933013164529605759176952000000 (13.2s)
[  732.6s] N=20 coplanar: 74 channels, u = 153979532597422231204737375/10283159256981795158912065073494828832 (13.1s)
[  745.6s] N=20 bent: 74 channels, u = -153979532597422231204737375/10283159256981795158912065073494828832 (13.0s)
[  758.8s] N=20 L: 74 channels, u = 153979532597422231204737375/10283159256981795158912065073494828832 (13.2s)
[  771.8s] N=21 coplanar: 74 channels, u = 15073556351699655251865124121/1416933602515736369664566929326936000000 (13.1s)
[  785.2s] N=21 bent: 74 channels, u = -15073556351699655251865124121/1416933602515736369664566929326936000000 (13.3s)
[  798.2s] N=21 L: 74 channels, u = 15073556351699655251865124121/1416933602515736369664566929326936000000 (13.1s)
[  811.3s] N=22 coplanar: 74 channels, u = 1174902111740882235872572928/152997796015336195522913159851640722675 (13.1s)
[  824.5s] N=22 bent: 74 channels, u = -1174902111740882235872572928/152997796015336195522913159851640722675 (13.2s)
[  837.7s] N=22 L: 74 channels, u = 1174902111740882235872572928/152997796015336195522913159851640722675 (13.3s)
[  850.8s] N=23 coplanar: 74 channels, u = 7987464842675136043279555/1420164515487224740355419455367745536 (13.1s)
[  864.2s] N=23 bent: 74 channels, u = -7987464842675136043279555/1420164515487224740355419455367745536 (13.4s)
[  877.6s] N=23 L: 74 channels, u = 7987464842675136043279555/1420164515487224740355419455367745536 (13.4s)
[  890.7s] N=24 coplanar: 74 channels, u = 374915853086365447940045248/89814017857823156330707840731087890625 (13.1s)
[  903.9s] N=24 bent: 74 channels, u = -374915853086365447940045248/89814017857823156330707840731087890625 (13.2s)
[  917.0s] N=24 L: 74 channels, u = 374915853086365447940045248/89814017857823156330707840731087890625 (13.2s)
[  930.1s] N=25 coplanar: 74 channels, u = 69364388989173762900123079078125/22117384324691465311296700441558780833001472 (13.0s)
[  943.1s] N=25 bent: 74 channels, u = -69364388989173762900123079078125/22117384324691465311296700441558780833001472 (13.0s)
[  956.1s] N=25 L: 74 channels, u = 69364388989173762900123079078125/22117384324691465311296700441558780833001472 (13.1s)
[  969.2s] N=26 coplanar: 74 channels, u = 687075148975194428676511232/288343877353608025538681761362955078125 (13.0s)
[  982.2s] N=26 bent: 74 channels, u = -687075148975194428676511232/288343877353608025538681761362955078125 (13.1s)
[  995.4s] N=26 L: 74 channels, u = 687075148975194428676511232/288343877353608025538681761362955078125 (13.2s)
[ 1008.4s] N=27 coplanar: 74 channels, u = 21430827527924255263738065/11715101479418413493189452069475717632 (13.0s)
[ 1021.5s] N=27 bent: 74 channels, u = -21430827527924255263738065/11715101479418413493189452069475717632 (13.1s)
[ 1034.7s] N=27 L: 74 channels, u = 21430827527924255263738065/11715101479418413493189452069475717632 (13.1s)
[ 1047.7s] N=28 coplanar: 74 channels, u = 490407358261674841235687803/345847465978883272040907296265782043600 (13.0s)
[ 1060.7s] N=28 bent: 74 channels, u = -490407358261674841235687803/345847465978883272040907296265782043600 (13.1s)
[ 1073.9s] N=28 L: 74 channels, u = 490407358261674841235687803/345847465978883272040907296265782043600 (13.2s)
[ 1086.9s] N=29 coplanar: 74 channels, u = 1576094070574607958089996315006493/1421163470561174204888119289515751621192000000 (13.0s)
[ 1099.9s] N=29 bent: 74 channels, u = -1576094070574607958089996315006493/1421163470561174204888119289515751621192000000 (13.0s)
[ 1113.0s] N=29 L: 74 channels, u = 1576094070574607958089996315006493/1421163470561174204888119289515751621192000000 (13.1s)
[ 1126.1s] N=30 coplanar: 74 channels, u = 244775725189743817470976000/279860904597468657900722146850431877301 (13.1s)
[ 1139.2s] N=30 bent: 74 channels, u = -244775725189743817470976000/279860904597468657900722146850431877301 (13.2s)
[ 1152.4s] N=30 L: 74 channels, u = 244775725189743817470976000/279860904597468657900722146850431877301 (13.1s)
wrote certificate.json
