('direct', (2, ('adj',)), (4, ('adj', 'adj')), (2, ('adj',))): (4,7) held-out 16: (-4*N**4 + 8*N**2 - 4)/(8*N**7 - 12*N**5 + 6*N**3 - N)
('direct', (2, ('adj',)), (4, ('adj', 'adj')), (4, ())): (2,5) held-out 20: (2 - 2*N**2)/(4*N**5 - 4*N**3 + N)
('direct', (2, ('adj',)), (4, ('adj', 'sym')), (2, ('sym',))): (2,5) held-out 20: (4*N**2 + 8*N + 4)/(16*N**5 + 28*N**4 - 18*N**3 - 38*N**2 + 5*N + 12)
('direct', (2, ('adj',)), (4, ('adj', 'sym')), (4, ())): (1,4) held-out 22: (2*N + 2)/(8*N**4 + 2*N**3 - 12*N**2 - N + 4)
('direct', (2, ('adj',)), (4, ('adj',)), (2, ())): (0,5) held-out 22: -8/(6*N**5 - 7*N**3 + 2*N)
('direct', (2, ('adj',)), (4, ('adj',)), (4, ())): (0,5) held-out 22: -4/(6*N**5 - 7*N**3 + 2*N)
('direct', (2, ('adj',)), (4, ('lam', 'adj')), (2, ('lam',))): (2,5) held-out 20: (4*N**2 - 8*N + 4)/(16*N**5 - 28*N**4 - 18*N**3 + 38*N**2 + 5*N - 12)
('direct', (2, ('adj',)), (4, ('lam', 'adj')), (4, ())): (1,4) held-out 22: (2*N - 2)/(8*N**4 - 2*N**3 - 12*N**2 + N + 4)
('direct', (2, ('lam',)), (4, ('lam', 'adj')), (2, ('adj',))): (2,5) held-out 20: (4*N**2 - 8*N + 4)/(16*N**5 - 28*N**4 - 18*N**3 + 38*N**2 + 5*N - 12)
('direct', (2, ('lam',)), (4, ('lam', 'adj')), (4, ())): (1,4) held-out 22: (2*N - 2)/(8*N**4 - 6*N**3 - 19*N**2 + 7*N + 12)
('direct', (2, ('lam',)), (4, ('lam', 'lam')), (2, ('lam',))): (3,6) held-out 18: (-N**3 + 2*N**2 - N)/(8*N**6 - 12*N**5 - 30*N**4 + 35*N**3 + 45*N**2 - 27*N - 27)
('direct', (2, ('lam',)), (4, ('lam', 'lam')), (4, ())): (2,5) held-out 20: (-N**2 + N)/(8*N**5 - 30*N**3 - 10*N**2 + 30*N + 18)
('direct', (2, ('lam',)), (4, ('lam', 'sym')), (2, ('sym',))): (1,4) held-out 22: -N/(8*N**4 - 30*N**2 + 27)
('direct', (2, ('lam',)), (4, ('lam', 'sym')), (4, ())): (1,4) held-out 22: -N/(8*N**4 - 4*N**3 - 24*N**2 + 6*N + 18)
('direct', (2, ('lam',)), (4, ('lam',)), (2, ())): (0,5) held-out 22: 4/(6*N**5 + N**4 - 21*N**3 - 9*N**2 + 19*N + 12)
('direct', (2, ('lam',)), (4, ('lam',)), (4, ())): (0,5) held-out 22: 2/(6*N**5 + N**4 - 21*N**3 - 9*N**2 + 19*N + 12)
('direct', (2, ('sym',)), (4, ('adj', 'sym')), (2, ('adj',))): (2,5) held-out 20: (4*N**2 + 8*N + 4)/(16*N**5 + 28*N**4 - 18*N**3 - 38*N**2 + 5*N + 12)
('direct', (2, ('sym',)), (4, ('adj', 'sym')), (4, ())): (1,4) held-out 22: (2*N + 2)/(8*N**4 + 6*N**3 - 19*N**2 - 7*N + 12)
('direct', (2, ('sym',)), (4, ('lam', 'sym')), (2, ('lam',))): (1,4) held-out 22: -N/(8*N**4 - 30*N**2 + 27)
('direct', (2, ('sym',)), (4, ('lam', 'sym')), (4, ())): (1,4) held-out 22: -N/(8*N**4 + 4*N**3 - 24*N**2 - 6*N + 18)
('direct', (2, ('sym',)), (4, ('sym', 'sym')), (2, ('sym',))): (3,6) held-out 18: (-N**3 - 2*N**2 - N)/(8*N**6 + 12*N**5 - 30*N**4 - 35*N**3 + 45*N**2 + 27*N - 27)
('direct', (2, ('sym',)), (4, ('sym', 'sym')), (4, ())): (2,5) held-out 20: (-N**2 - N)/(8*N**5 - 30*N**3 + 10*N**2 + 30*N - 18)
('direct', (2, ('sym',)), (4, ('sym',)), (2, ())): (0,5) held-out 22: 4/(6*N**5 - N**4 - 21*N**3 + 9*N**2 + 19*N - 12)
('direct', (2, ('sym',)), (4, ('sym',)), (4, ())): (0,5) held-out 22: 2/(6*N**5 - N**4 - 21*N**3 + 9*N**2 + 19*N - 12)
('direct', (2, ()), (4, ('adj',)), (2, ('adj',))): (0,5) held-out 22: -8/(6*N**5 - 7*N**3 + 2*N)
('direct', (2, ()), (4, ('adj',)), (4, ())): (0,5) held-out 22: -4/(3*N**5 - 5*N**3 + 2*N)
('direct', (2, ()), (4, ('lam',)), (2, ('lam',))): (0,5) held-out 22: 4/(6*N**5 + N**4 - 21*N**3 - 9*N**2 + 19*N + 12)
('direct', (2, ()), (4, ('lam',)), (4, ())): (0,5) held-out 22: 2/(3*N**5 + 2*N**4 - 8*N**3 - 6*N**2 + 5*N + 4)
('direct', (2, ()), (4, ('sym',)), (2, ('sym',))): (0,5) held-out 22: 4/(6*N**5 - N**4 - 21*N**3 + 9*N**2 + 19*N - 12)
('direct', (2, ()), (4, ('sym',)), (4, ())): (0,5) held-out 22: 2/(3*N**5 - 2*N**4 - 8*N**3 + 6*N**2 + 5*N - 4)
('direct', (2, ()), (4, ()), (2, ())): (0,7) held-out 20: -4/(N**7 - 3*N**5 + 3*N**3 - N)
('direct', (2, ()), (4, ()), (4, ())): (0,7) held-out 20: -2/(N**7 - 3*N**5 + 3*N**3 - N)
('direct', (4, ()), (4, ('adj', 'adj')), (2, ('adj',))): (2,5) held-out 20: (2 - 2*N**2)/(4*N**5 - 4*N**3 + N)
('direct', (4, ()), (4, ('adj', 'adj')), (4, ())): (0,3) held-out 24: -1/(2*N**3 - N)
('direct', (4, ()), (4, ('adj', 'sym')), (2, ('adj',))): (1,4) held-out 22: (2*N + 2)/(8*N**4 + 2*N**3 - 12*N**2 - N + 4)
('direct', (4, ()), (4, ('adj', 'sym')), (2, ('sym',))): (1,4) held-out 22: (2*N + 2)/(8*N**4 + 6*N**3 - 19*N**2 - 7*N + 12)
('direct', (4, ()), (4, ('adj', 'sym')), (4, ())): (0,3) held-out 24: 2/(4*N**3 - 3*N**2 - 5*N + 4)
('direct', (4, ()), (4, ('adj',)), (2, ('adj',))): (0,5) held-out 22: -4/(6*N**5 - 7*N**3 + 2*N)
('direct', (4, ()), (4, ('adj',)), (2, ())): (0,5) held-out 22: -4/(3*N**5 - 5*N**3 + 2*N)
('direct', (4, ()), (4, ('adj',)), (4, ())): (0,5) held-out 22: -4/(3*N**5 - 5*N**3 + 2*N)
('direct', (4, ()), (4, ('lam', 'adj')), (2, ('adj',))): (1,4) held-out 22: (2*N - 2)/(8*N**4 - 2*N**3 - 12*N**2 + N + 4)
('direct', (4, ()), (4, ('lam', 'adj')), (2, ('lam',))): (1,4) held-out 22: (2*N - 2)/(8*N**4 - 6*N**3 - 19*N**2 + 7*N + 12)
('direct', (4, ()), (4, ('lam', 'adj')), (4, ())): (0,3) held-out 24: 2/(4*N**3 + 3*N**2 - 5*N - 4)
('direct', (4, ()), (4, ('lam', 'lam')), (2, ('lam',))): (2,5) held-out 20: (-N**2 + N)/(8*N**5 - 30*N**3 - 10*N**2 + 30*N + 18)
('direct', (4, ()), (4, ('lam', 'lam')), (4, ())): (1,4) held-out 22: -N/(8*N**4 + 12*N**3 - 12*N**2 - 28*N - 12)
('direct', (4, ()), (4, ('lam', 'sym')), (2, ('lam',))): (1,4) held-out 22: -N/(8*N**4 - 4*N**3 - 24*N**2 + 6*N + 18)
('direct', (4, ()), (4, ('lam', 'sym')), (2, ('sym',))): (1,4) held-out 22: -N/(8*N**4 + 4*N**3 - 24*N**2 - 6*N + 18)
('direct', (4, ()), (4, ('lam', 'sym')), (4, ())): (1,4) held-out 22: -N/(4*N**4 - 10*N**2 + 6)
('direct', (4, ()), (4, ('lam',)), (2, ('lam',))): (0,5) held-out 22: 2/(6*N**5 + N**4 - 21*N**3 - 9*N**2 + 19*N + 12)
('direct', (4, ()), (4, ('lam',)), (2, ())): (0,5) held-out 22: 2/(3*N**5 + 2*N**4 - 8*N**3 - 6*N**2 + 5*N + 4)
('direct', (4, ()), (4, ('lam',)), (4, ())): (0,5) held-out 22: 2/(3*N**5 + 2*N**4 - 8*N**3 - 6*N**2 + 5*N + 4)
('direct', (4, ()), (4, ('sym', 'sym')), (2, ('sym',))): (2,5) held-out 20: (-N**2 - N)/(8*N**5 - 30*N**3 + 10*N**2 + 30*N - 18)
('direct', (4, ()), (4, ('sym', 'sym')), (4, ())): (1,4) held-out 22: -N/(8*N**4 - 12*N**3 - 12*N**2 + 28*N - 12)
('direct', (4, ()), (4, ('sym',)), (2, ('sym',))): (0,5) held-out 22: 2/(6*N**5 - N**4 - 21*N**3 + 9*N**2 + 19*N - 12)
('direct', (4, ()), (4, ('sym',)), (2, ())): (0,5) held-out 22: 2/(3*N**5 - 2*N**4 - 8*N**3 + 6*N**2 + 5*N - 4)
('direct', (4, ()), (4, ('sym',)), (4, ())): (0,5) held-out 22: 2/(3*N**5 - 2*N**4 - 8*N**3 + 6*N**2 + 5*N - 4)
('direct', (4, ()), (4, ()), (2, ())): (0,7) held-out 20: -2/(N**7 - 3*N**5 + 3*N**3 - N)
('direct', (4, ()), (4, ()), (4, ())): (0,7) held-out 20: -1/(N**7 - 3*N**5 + 3*N**3 - N)
('fold3', (2, ('adj',)), (2, ('adj',))): (4,7) held-out 16: (8*N**4 - 16*N**2 + 8)/(8*N**7 - 12*N**5 + 6*N**3 - N)
('fold3', (2, ('adj',)), (2, ('lam',))): (2,5) held-out 20: (-4*N**2 + 8*N - 4)/(8*N**5 - 16*N**4 - 10*N**3 + 26*N**2 + 3*N - 9)
('fold3', (2, ('adj',)), (2, ('sym',))): (2,5) held-out 20: (-4*N**2 - 8*N - 4)/(8*N**5 + 16*N**4 - 10*N**3 - 26*N**2 + 3*N + 9)
('fold3', (2, ('adj',)), (2, ())): (0,5) held-out 22: 8/(2*N**5 - 3*N**3 + N)
('fold3', (2, ('lam',)), (2, ('adj',))): (2,5) held-out 20: (-4*N**2 + 8*N - 4)/(8*N**5 - 12*N**4 - 8*N**3 + 12*N**2 + 2*N - 3)
('fold3', (2, ('lam',)), (2, ('lam',))): (3,6) held-out 18: (2*N**3 - 4*N**2 + 2*N)/(8*N**6 - 12*N**5 - 30*N**4 + 35*N**3 + 45*N**2 - 27*N - 27)
('fold3', (2, ('lam',)), (2, ('sym',))): (1,4) held-out 22: 2*N/(8*N**4 + 4*N**3 - 30*N**2 - 9*N + 27)
('fold3', (2, ('lam',)), (2, ())): (0,5) held-out 22: -4/(2*N**5 + N**4 - 6*N**3 - 4*N**2 + 4*N + 3)
('fold3', (2, ('sym',)), (2, ('adj',))): (2,5) held-out 20: (-4*N**2 - 8*N - 4)/(8*N**5 + 12*N**4 - 8*N**3 - 12*N**2 + 2*N + 3)
('fold3', (2, ('sym',)), (2, ('lam',))): (1,4) held-out 22: 2*N/(8*N**4 - 4*N**3 - 30*N**2 + 9*N + 27)
('fold3', (2, ('sym',)), (2, ('sym',))): (3,6) held-out 18: (2*N**3 + 4*N**2 + 2*N)/(8*N**6 + 12*N**5 - 30*N**4 - 35*N**3 + 45*N**2 + 27*N - 27)
('fold3', (2, ('sym',)), (2, ())): (0,5) held-out 22: -4/(2*N**5 - N**4 - 6*N**3 + 4*N**2 + 4*N - 3)
('fold3', (2, ()), (2, ('adj',))): (0,5) held-out 22: 8/(4*N**5 - 4*N**3 + N)
('fold3', (2, ()), (2, ('lam',))): (0,5) held-out 22: -4/(4*N**5 - 15*N**3 - 5*N**2 + 15*N + 9)
('fold3', (2, ()), (2, ('sym',))): (0,5) held-out 22: -4/(4*N**5 - 15*N**3 + 5*N**2 + 15*N - 9)
('fold3', (2, ()), (2, ())): (0,7) held-out 20: 8/(N**7 - 3*N**5 + 3*N**3 - N)
wrote 74 closed forms of 74 labels
