COMMAND: C:\Users\Alex\.elan\toolchains\leanprover--lean4---v4.34.0-rc1\bin\lean.exe -DwarningAsError=true -o .lake\build\lib\lean\Workhouse\Basic.olean Workhouse\Basic.lean
EXIT: 0
STDOUT:

STDERR:


COMMAND: C:\Users\Alex\.elan\toolchains\leanprover--lean4---v4.34.0-rc1\bin\lean.exe -DwarningAsError=true -o .lake\build\lib\lean\Workhouse\VacuumChart.olean Workhouse\VacuumChart.lean
EXIT: 0
STDOUT:

STDERR:


COMMAND: C:\Users\Alex\.elan\toolchains\leanprover--lean4---v4.34.0-rc1\bin\lean.exe -DwarningAsError=true -o .lake\build\lib\lean\Workhouse\VacuumCompression.olean Workhouse\VacuumCompression.lean
EXIT: 0
STDOUT:

STDERR:


COMMAND: C:\Users\Alex\.elan\toolchains\leanprover--lean4---v4.34.0-rc1\bin\lean.exe -DwarningAsError=true -o .lake\build\lib\lean\Workhouse\RootedScalarBounds.olean Workhouse\RootedScalarBounds.lean
EXIT: 0
STDOUT:

STDERR:


COMMAND: C:\Users\Alex\.elan\toolchains\leanprover--lean4---v4.34.0-rc1\bin\lean.exe -DwarningAsError=true -o .lake\build\lib\lean\Workhouse.olean Workhouse.lean
EXIT: 0
STDOUT:

STDERR:

