'Workhouse.GroundStateAssembly.variance_eq_second_moment' depends on axioms: [propext, Classical.choice, Quot.sound]
'Workhouse.GroundStateAssembly.variance_le_deviation' depends on axioms: [propext, Classical.choice, Quot.sound]
'Workhouse.GroundStateAssembly.variance_density_upper' depends on axioms: [propext, Classical.choice, Quot.sound]
'Workhouse.GroundStateAssembly.poincare_density_comparison' depends on axioms: [propext, Classical.choice, Quot.sound]
'Workhouse.GroundStateAssembly.weighted_cauchy_schwarz_sq' depends on axioms: [propext, Classical.choice, Quot.sound]
'Workhouse.GroundStateAssembly.product_minorization_covariance' depends on axioms: [propext,
 Classical.choice,
 Quot.sound]
'Workhouse.GroundStateAssembly.measure_variance_le_deviation' depends on axioms: [propext, Classical.choice, Quot.sound]
'Workhouse.GroundStateAssembly.measure_variance_density_upper' depends on axioms: [propext,
 Classical.choice,
 Quot.sound]
'Workhouse.GroundStateAssembly.measure_variance_density_lower' depends on axioms: [propext,
 Classical.choice,
 Quot.sound]
'Workhouse.GroundStateAssembly.withDensity_variance_floor' depends on axioms: [propext, Classical.choice, Quot.sound]
'Workhouse.GroundStateAssembly.measure_poincare_comparison' depends on axioms: [propext, Classical.choice, Quot.sound]
'Workhouse.GroundStateAssembly.withDensity_poincare_comparison' depends on axioms: [propext,
 Classical.choice,
 Quot.sound]
'Workhouse.GroundStateAssembly.withDensity_poincare_constant' depends on axioms: [propext, Classical.choice, Quot.sound]
'Workhouse.GroundStateAssembly.integral_mul_eq_L2_inner' depends on axioms: [propext, Classical.choice, Quot.sound]
'Workhouse.GroundStateAssembly.integral_cauchy_schwarz_sq' depends on axioms: [propext, Classical.choice, Quot.sound]
'Workhouse.GroundStateAssembly.integral_remainder_measure' depends on axioms: [propext, Classical.choice, Quot.sound]
'Workhouse.GroundStateAssembly.measure_minorization_covariance' depends on axioms: [propext,
 Classical.choice,
 Quot.sound]
'Workhouse.GroundStateAssembly.joint_measure_minorization_covariance' depends on axioms: [propext,
 Classical.choice,
 Quot.sound]
'Workhouse.GroundStateAssembly.joint_withDensity_minorization_covariance' depends on axioms: [propext,
 Classical.choice,
 Quot.sound]
'Workhouse.GroundStateAssembly.joint_withDensity_covariance_variance' depends on axioms: [propext,
 Classical.choice,
 Quot.sound]
'Workhouse.GroundStateAssembly.projection_energy' depends on axioms: [propext, Classical.choice, Quot.sound]
'Workhouse.GroundStateAssembly.projection_energy_nonneg' depends on axioms: [propext, Classical.choice, Quot.sound]
'Workhouse.GroundStateAssembly.assembly_energy' depends on axioms: [propext, Classical.choice, Quot.sound]
'Workhouse.GroundStateAssembly.assembly_symmetric' depends on axioms: [propext, Classical.choice, Quot.sound]
'Workhouse.GroundStateAssembly.assembly_kernel_iff' depends on axioms: [propext, Classical.choice, Quot.sound]
'Workhouse.GroundStateAssembly.symmetric_coupling_sum' depends on axioms: [propext, Classical.choice, Quot.sound]
'Workhouse.GroundStateAssembly.assembly_square_lower' depends on axioms: [propext, Classical.choice, Quot.sound]
'Workhouse.GroundStateAssembly.finite_spectral_gap_of_square' depends on axioms: [propext, Classical.choice, Quot.sound]
'Workhouse.GroundStateAssembly.finite_assembly_gap' depends on axioms: [propext, Classical.choice, Quot.sound]
'Workhouse.GroundStateAssembly.local_floor_tensorization' depends on axioms: [propext, Classical.choice, Quot.sound]
'Workhouse.GroundStateAssembly.unitary_ground_state_gap' depends on axioms: [propext, Classical.choice, Quot.sound]
'Workhouse.GroundStateAssembly.bounded_gap_on_range_of_square' depends on axioms: [propext,
 Classical.choice,
 Quot.sound]
'Workhouse.GroundStateAssembly.bounded_spectral_gap_of_square' depends on axioms: [propext,
 Classical.choice,
 Quot.sound]
'Workhouse.GroundStateAssembly.bounded_projection_assembly_gap' depends on axioms: [propext,
 Classical.choice,
 Quot.sound]
'Workhouse.GroundStateAssembly.gram_quadratic_eq_squares' depends on axioms: [propext, Classical.choice, Quot.sound]
'Workhouse.GroundStateAssembly.gram_form_nonnegative' depends on axioms: [propext, Classical.choice, Quot.sound]
