'Workhouse.PlateauObstruction.stationary_global_minimum' depends on axioms: [propext, Classical.choice, Quot.sound]
'Workhouse.PlateauObstruction.logarithmic_time_is_stationary' depends on axioms: [propext, Classical.choice, Quot.sound]
'Workhouse.PlateauObstruction.admissible_logarithmic_minimum' depends on axioms: [propext, Classical.choice, Quot.sound]
'Workhouse.PlateauObstruction.endpoint_minimum' depends on axioms: [propext, Classical.choice, Quot.sound]
'Workhouse.PlateauObstruction.interior_minimum_value' depends on axioms: [propext, Classical.choice, Quot.sound]
'Workhouse.PlateauObstruction.theta_minimum_value' depends on axioms: [propext, Classical.choice, Quot.sound]
'Workhouse.PlateauObstruction.bound_time_rescaling' depends on axioms: [propext, Classical.choice, Quot.sound]
'Workhouse.PlateauObstruction.physical_time_minimum_value' depends on axioms: [propext, Classical.choice, Quot.sound]
'Workhouse.PlateauObstruction.r4_r5_interior_optimum' depends on axioms: [propext, Classical.choice, Quot.sound]
'Workhouse.PlateauObstruction.r4_r5_optimized_upper_bound' depends on axioms: [propext, Classical.choice, Quot.sound]
'Workhouse.PlateauObstruction.slow_mode_fits_positive_plateau' depends on axioms: [propext,
 Classical.choice,
 Quot.sound]
'Workhouse.PlateauObstruction.rescaled_correlation_identity' depends on axioms: [propext, Classical.choice, Quot.sound]
'Workhouse.PlateauObstruction.positive_slow_mode_prevents_faster_bound' depends on axioms: [propext,
 Classical.choice,
 Quot.sound]
'Workhouse.PlateauObstruction.arbitrarily_small_plateau_obstruction' depends on axioms: [propext,
 Classical.choice,
 Quot.sound]
