'Workhouse.ThermodynamicLimit.exists_limit_of_cut_response' depends on axioms: [propext, Classical.choice, Quot.sound]
'Workhouse.ThermodynamicLimit.limit_preserves_gap_bound' depends on axioms: [propext, Classical.choice, Quot.sound]
'Workhouse.ThermodynamicLimit.closable_of_integration_by_parts' depends on axioms: [propext,
 Classical.choice,
 Quot.sound]
'Workhouse.ThermodynamicLimit.gap_bound_on_graph_limit' depends on axioms: [propext, Classical.choice, Quot.sound]
'Workhouse.ThermodynamicLimit.closed_extension_of_integration_by_parts' depends on axioms: [propext,
 Classical.choice,
 Quot.sound]
'Workhouse.ThermodynamicLimit.integral_under_weak_and_uniform_convergence' depends on axioms: [propext,
 Classical.choice,
 Quot.sound]
'Workhouse.ThermodynamicLimit.integration_by_parts_under_weak_limit' depends on axioms: [propext,
 Classical.choice,
 Quot.sound]
'Workhouse.ThermodynamicLimit.poincare_under_weak_convergence' depends on axioms: [propext,
 Classical.choice,
 Quot.sound]
'Workhouse.ThermodynamicLimit.spectral_interval_mass' depends on axioms: [propext, Classical.choice, Quot.sound]
'Workhouse.ThermodynamicLimit.sc17_plaquette_interval' depends on axioms: [propext, Classical.choice, Quot.sound]
